
Linker Version 8.7.7.220718
Input Object File: c:\users\tech\desktop\codetector\CO.OBJ
Input Object File: c:\users\tech\desktop\codetector\STARTUP1_L.OBJ
Input Object File: c:\users\tech\desktop\codetector\ADC.OBJ
Input Object File: c:\users\tech\desktop\codetector\NTC.OBJ
Input Object File: c:\users\tech\desktop\codetector\SEVENSEGMENT3DIGITCOMPLEX.OBJ
Input Object File: c:\users\tech\desktop\codetector\GPIO.OBJ
Input Object File: c:\users\tech\desktop\codetector\OPAMP.OBJ
Input Object File: c:\users\tech\desktop\codetector\SYSTEMCLOCK.OBJ
Input Object File: c:\users\tech\desktop\codetector\EEPROM.OBJ
Input Object File: c:\users\tech\desktop\codetector\TIMER.OBJ

Input Library File: C:\Program Files\Holtek MCU Development Tools\HT-IDE3000V8.x\LIB\LIBHOLTEKGCC.LIB
Input Library File: C:\Program Files\Holtek MCU Development Tools\HT-IDE3000V8.x\LIB\v3_lmrsc.lib


     Bank    Start     End      Length     Class    AvgIns    Name
     00h     0000h     0000h    0001h      CODE               @code (c:\users\tech\desktop\codetector\CO.OBJ)
     00h     0001h     0021h    0021h      CODE               @start (c:\users\tech\desktop\codetector\CO.OBJ)
     00h     0022h     0030h    000fh      CODE               @ROMDATA_BASE (c:\users\tech\desktop\codetector\STARTUP1_L.OBJ)
     00h     0031h     006eh    003eh      CODE               @builtin_holtek_dtsubadd (C:\Program Files\Holtek MCU Development Tools\HT-IDE3000V8.x\LIB\LIBHOLTEKGCC.LIB)
     00h     006fh     00aah    003ch      CODE               _builtin_holtek_dtdiv (C:\Program Files\Holtek MCU Development Tools\HT-IDE3000V8.x\LIB\LIBHOLTEKGCC.LIB)
     00h     00abh     00dfh    0035h      CODE               _builtin_holtek_ftmul (C:\Program Files\Holtek MCU Development Tools\HT-IDE3000V8.x\LIB\LIBHOLTEKGCC.LIB)
     00h     00e0h     0113h    0034h      CODE               @builtin_holtek_ftsubadd (C:\Program Files\Holtek MCU Development Tools\HT-IDE3000V8.x\LIB\LIBHOLTEKGCC.LIB)
     00h     0114h     0120h    000dh      CODE               itofaz (C:\Program Files\Holtek MCU Development Tools\HT-IDE3000V8.x\LIB\LIBHOLTEKGCC.LIB)
     00h     0121h     0152h    0032h      CODE               _builtin_holtek_ftdiv (C:\Program Files\Holtek MCU Development Tools\HT-IDE3000V8.x\LIB\LIBHOLTEKGCC.LIB)
     00h     0153h     0192h    0040h      CODE               _builtin_holtek_dtmul (C:\Program Files\Holtek MCU Development Tools\HT-IDE3000V8.x\LIB\LIBHOLTEKGCC.LIB)
     00h     0193h     01aah    0018h      CODE               @builtin_holtek_dtdecode (C:\Program Files\Holtek MCU Development Tools\HT-IDE3000V8.x\LIB\LIBHOLTEKGCC.LIB)
     00h     01abh     01deh    0034h      CODE               _builtin_holtek_dtnorm (C:\Program Files\Holtek MCU Development Tools\HT-IDE3000V8.x\LIB\LIBHOLTEKGCC.LIB)
     00h     01dfh     01f4h    0016h      CODE               @builtin_holtek_ftdecode (C:\Program Files\Holtek MCU Development Tools\HT-IDE3000V8.x\LIB\LIBHOLTEKGCC.LIB)
     00h     01f5h     0223h    002fh      CODE               _builtin_holtek_ftnorm (C:\Program Files\Holtek MCU Development Tools\HT-IDE3000V8.x\LIB\LIBHOLTEKGCC.LIB)
     00h     0224h     022ah    0007h      CODE               _builtin_holtek_dtinf (C:\Program Files\Holtek MCU Development Tools\HT-IDE3000V8.x\LIB\LIBHOLTEKGCC.LIB)
     00h     022bh     0230h    0006h      CODE               _builtin_holtek_ftinf (C:\Program Files\Holtek MCU Development Tools\HT-IDE3000V8.x\LIB\LIBHOLTEKGCC.LIB)
     00h     0231h     026dh    003dh      CODE               _main (c:\users\tech\desktop\codetector\CO.OBJ)
     00h     026eh     0273h    0006h      CODE               _S_ADC_Init (c:\users\tech\desktop\codetector\ADC.OBJ)
     00h     0274h     02e4h    0071h      CODE               _S_READ_ADC (c:\users\tech\desktop\codetector\ADC.OBJ)
     00h     02e5h     0415h    0131h      CODE               _custom_log (c:\users\tech\desktop\codetector\NTC.OBJ)
     00h     0416h     0589h    0174h      CODE               _temperature (c:\users\tech\desktop\codetector\NTC.OBJ)
     00h     058ah     05c2h    0039h      CODE               _errorSeg (c:\users\tech\desktop\codetector\SEVENSEGMENT3DIGITCOMPLEX.OBJ)
     00h     05c3h     0609h    0047h      CODE               _error1Seg (c:\users\tech\desktop\codetector\SEVENSEGMENT3DIGITCOMPLEX.OBJ)
     00h     060ah     0638h    002fh      CODE               _ziroDigit1 (c:\users\tech\desktop\codetector\SEVENSEGMENT3DIGITCOMPLEX.OBJ)
     00h     0639h     0665h    002dh      CODE               _ziroDigit2 (c:\users\tech\desktop\codetector\SEVENSEGMENT3DIGITCOMPLEX.OBJ)
     00h     0666h     0692h    002dh      CODE               _ziroDigit3 (c:\users\tech\desktop\codetector\SEVENSEGMENT3DIGITCOMPLEX.OBJ)
     00h     0693h     06a1h    000fh      CODE               _oneDigit1 (c:\users\tech\desktop\codetector\SEVENSEGMENT3DIGITCOMPLEX.OBJ)
     00h     06a2h     06b0h    000fh      CODE               _oneDigit2 (c:\users\tech\desktop\codetector\SEVENSEGMENT3DIGITCOMPLEX.OBJ)
     00h     06b1h     06c5h    0015h      CODE               _oneDigit3 (c:\users\tech\desktop\codetector\SEVENSEGMENT3DIGITCOMPLEX.OBJ)
     00h     06c6h     06e4h    001fh      CODE               _towDigit1 (c:\users\tech\desktop\codetector\SEVENSEGMENT3DIGITCOMPLEX.OBJ)
     00h     06e5h     0703h    001fh      CODE               _towDigit2 (c:\users\tech\desktop\codetector\SEVENSEGMENT3DIGITCOMPLEX.OBJ)
     00h     0704h     0723h    0020h      CODE               _towDigit3 (c:\users\tech\desktop\codetector\SEVENSEGMENT3DIGITCOMPLEX.OBJ)
     00h     0724h     0746h    0023h      CODE               _threeDigit1 (c:\users\tech\desktop\codetector\SEVENSEGMENT3DIGITCOMPLEX.OBJ)
     00h     0747h     0765h    001fh      CODE               _threeDigit2 (c:\users\tech\desktop\codetector\SEVENSEGMENT3DIGITCOMPLEX.OBJ)
     00h     0766h     0784h    001fh      CODE               _threeDigit3 (c:\users\tech\desktop\codetector\SEVENSEGMENT3DIGITCOMPLEX.OBJ)
     00h     0785h     07a1h    001dh      CODE               _fourDigit1 (c:\users\tech\desktop\codetector\SEVENSEGMENT3DIGITCOMPLEX.OBJ)
     00h     07a2h     07beh    001dh      CODE               _fourDigit2 (c:\users\tech\desktop\codetector\SEVENSEGMENT3DIGITCOMPLEX.OBJ)
     00h     07bfh     07dbh    001dh      CODE               _fourDigit3 (c:\users\tech\desktop\codetector\SEVENSEGMENT3DIGITCOMPLEX.OBJ)
     00h     07dch     07fah    001fh      CODE               _fiveDigit1 (c:\users\tech\desktop\codetector\SEVENSEGMENT3DIGITCOMPLEX.OBJ)
     00h     07fbh     0819h    001fh      CODE               _fiveDigit2 (c:\users\tech\desktop\codetector\SEVENSEGMENT3DIGITCOMPLEX.OBJ)
     00h     081ah     0838h    001fh      CODE               _fiveDigit3 (c:\users\tech\desktop\codetector\SEVENSEGMENT3DIGITCOMPLEX.OBJ)
     00h     0839h     0859h    0021h      CODE               _sixDigit1 (c:\users\tech\desktop\codetector\SEVENSEGMENT3DIGITCOMPLEX.OBJ)
     00h     085ah     087ah    0021h      CODE               _sixDigit2 (c:\users\tech\desktop\codetector\SEVENSEGMENT3DIGITCOMPLEX.OBJ)
     00h     087bh     089bh    0021h      CODE               _sixDigit3 (c:\users\tech\desktop\codetector\SEVENSEGMENT3DIGITCOMPLEX.OBJ)
     00h     089ch     08ach    0011h      CODE               _sevenDigit1 (c:\users\tech\desktop\codetector\SEVENSEGMENT3DIGITCOMPLEX.OBJ)
     00h     08adh     08bdh    0011h      CODE               _sevenDigit2 (c:\users\tech\desktop\codetector\SEVENSEGMENT3DIGITCOMPLEX.OBJ)
     00h     08beh     08ceh    0011h      CODE               _sevenDigit3 (c:\users\tech\desktop\codetector\SEVENSEGMENT3DIGITCOMPLEX.OBJ)
     00h     08cfh     08fbh    002dh      CODE               _eightDigit1 (c:\users\tech\desktop\codetector\SEVENSEGMENT3DIGITCOMPLEX.OBJ)
     00h     08fch     0928h    002dh      CODE               _eightDigit2 (c:\users\tech\desktop\codetector\SEVENSEGMENT3DIGITCOMPLEX.OBJ)
     00h     0929h     094bh    0023h      CODE               _eightDigit3 (c:\users\tech\desktop\codetector\SEVENSEGMENT3DIGITCOMPLEX.OBJ)
     00h     094ch     0978h    002dh      CODE               _nineDigit1 (c:\users\tech\desktop\codetector\SEVENSEGMENT3DIGITCOMPLEX.OBJ)
     00h     0979h     09a3h    002bh      CODE               _nineDigit2 (c:\users\tech\desktop\codetector\SEVENSEGMENT3DIGITCOMPLEX.OBJ)
     00h     09a4h     09c4h    0021h      CODE               _nineDigit3 (c:\users\tech\desktop\codetector\SEVENSEGMENT3DIGITCOMPLEX.OBJ)
     00h     09c5h     09dch    0018h      CODE               _length (c:\users\tech\desktop\codetector\SEVENSEGMENT3DIGITCOMPLEX.OBJ)
     00h     09ddh     0b20h    0144h      CODE               _shwoSegment (c:\users\tech\desktop\codetector\SEVENSEGMENT3DIGITCOMPLEX.OBJ)
     00h     0b21h     0b26h    0006h      CODE               _GPIOToGNDCurentInit (c:\users\tech\desktop\codetector\GPIO.OBJ)
     00h     0b27h     0b3dh    0017h      CODE               _GPIOInit (c:\users\tech\desktop\codetector\GPIO.OBJ)
     00h     0b3eh     0c4fh    0112h      CODE               _OPAMPset (c:\users\tech\desktop\codetector\OPAMP.OBJ)
     00h     0c50h     0c6bh    001ch      CODE               _OPAMPInit (c:\users\tech\desktop\codetector\OPAMP.OBJ)
     00h     0c6ch     0c83h    0018h      CODE               _ClockInit (c:\users\tech\desktop\codetector\SYSTEMCLOCK.OBJ)
     00h     0c84h     0c93h    0010h      CODE               _writeToEEPROM (c:\users\tech\desktop\codetector\EEPROM.OBJ)
     00h     0c94h     0ca8h    0015h      CODE               _readFromEEPROM (c:\users\tech\desktop\codetector\EEPROM.OBJ)
     00h     0ca9h     0cb3h    000bh      CODE               _timerBaseInit (c:\users\tech\desktop\codetector\TIMER.OBJ)
     00h     0cb4h     0cc9h    0016h      CODE               _STimerInit (c:\users\tech\desktop\codetector\TIMER.OBJ)
     00h     0ccah     0cd6h    000dh      CODE               _readSTimer (c:\users\tech\desktop\codetector\TIMER.OBJ)
     00h     0cd7h     0ce0h    000ah      CODE               __DELAYX (C:\Program Files\Holtek MCU Development Tools\HT-IDE3000V8.x\LIB\LIBHOLTEKGCC.LIB)
     00h     0ce1h     0d17h    0037h      CODE               _builtin_holtek_divmodhi4_isr00 (C:\Program Files\Holtek MCU Development Tools\HT-IDE3000V8.x\LIB\LIBHOLTEKGCC.LIB)
     00h     0d18h     0d2ah    0013h      CODE               _builtin_holtek_mulhi3_isr00 (C:\Program Files\Holtek MCU Development Tools\HT-IDE3000V8.x\LIB\LIBHOLTEKGCC.LIB)
     00h     0d2bh     0d4fh    0025h      CODE               _builtin_holtek_divmodqi4_isr00 (C:\Program Files\Holtek MCU Development Tools\HT-IDE3000V8.x\LIB\LIBHOLTEKGCC.LIB)
     00h     0080h     0080h    0001h      DATA     0         @BITDATASEC (c:\users\tech\desktop\codetector\STARTUP1_L.OBJ)
     00h     0081h     0081h    0001h      DATA     48        @data_ra (C:\Program Files\Holtek MCU Development Tools\HT-IDE3000V8.x\LIB\LIBHOLTEKGCC.LIB)
     00h     0082h     0082h    0001h      DATA     112       @data_rb (C:\Program Files\Holtek MCU Development Tools\HT-IDE3000V8.x\LIB\LIBHOLTEKGCC.LIB)
     00h     0083h     0083h    0001h      DATA     97        @data_rc (C:\Program Files\Holtek MCU Development Tools\HT-IDE3000V8.x\LIB\LIBHOLTEKGCC.LIB)
     00h     0084h     0084h    0001h      DATA     60        @data_rd (C:\Program Files\Holtek MCU Development Tools\HT-IDE3000V8.x\LIB\LIBHOLTEKGCC.LIB)
     00h     0085h     0085h    0001h      DATA     60        @data_re (C:\Program Files\Holtek MCU Development Tools\HT-IDE3000V8.x\LIB\LIBHOLTEKGCC.LIB)
     00h     0086h     0086h    0001h      DATA     32        @data_rf (C:\Program Files\Holtek MCU Development Tools\HT-IDE3000V8.x\LIB\LIBHOLTEKGCC.LIB)
     00h     0087h     0087h    0001h      DATA     32        @data_rg (C:\Program Files\Holtek MCU Development Tools\HT-IDE3000V8.x\LIB\LIBHOLTEKGCC.LIB)
     00h     0088h     0088h    0001h      DATA     15        @data_rh (C:\Program Files\Holtek MCU Development Tools\HT-IDE3000V8.x\LIB\LIBHOLTEKGCC.LIB)
     00h     0089h     008eh    0006h      DATA     59.5      ftdata1 (C:\Program Files\Holtek MCU Development Tools\HT-IDE3000V8.x\LIB\LIBHOLTEKGCC.LIB)
     00h     008fh     0095h    0007h      DATA     28.857    ftdata2 (C:\Program Files\Holtek MCU Development Tools\HT-IDE3000V8.x\LIB\LIBHOLTEKGCC.LIB)
     00h     0096h     0098h    0003h      DATA     26.667    dtdata (C:\Program Files\Holtek MCU Development Tools\HT-IDE3000V8.x\LIB\LIBHOLTEKGCC.LIB)
     00h     00bah     00bbh    0002h      DATA     3         @HCCINIT_cunter (c:\users\tech\desktop\codetector\CO.OBJ)
     00h     00bch     00bdh    0002h      DATA     1         @HCCINIT_n (c:\users\tech\desktop\codetector\NTC.OBJ)
     00h     00beh     00bfh    0002h      DATA     0         @HCCINIT_my_E2 (c:\users\tech\desktop\codetector\CO.OBJ)
     00h     00c0h     00c1h    0002h      DATA     0         @HCCINIT_TimerValue (c:\users\tech\desktop\codetector\CO.OBJ)
     00h     00c2h     00c4h    0003h      DATA     0         @HCCINIT_VAmplifier1 (c:\users\tech\desktop\codetector\CO.OBJ)
     00h     00c5h     00c7h    0003h      DATA     0         @HCCINIT_tempAmplifier1 (c:\users\tech\desktop\codetector\CO.OBJ)
     00h     00c8h     00cah    0003h      DATA     0         @HCCINIT_Amplifier1 (c:\users\tech\desktop\codetector\CO.OBJ)
     00h     00cbh     00cdh    0003h      DATA     0         @HCCINIT_temperatur (c:\users\tech\desktop\codetector\CO.OBJ)
     00h     00ceh     00d0h    0003h      DATA     0         @HCCINIT_COValue (c:\users\tech\desktop\codetector\CO.OBJ)
     00h     00d1h     00d1h    0001h      DATA     4         @HCCINIT0_VA0OS1 (c:\users\tech\desktop\codetector\OPAMP.OBJ)
     00h     00d2h     00d3h    0002h      DATA     2         @HCCINIT0_my_E (c:\users\tech\desktop\codetector\CO.OBJ)
     00h     00d4h     00d4h    0001h      DATA     2         @HCCINIT0_VA1OS1 (c:\users\tech\desktop\codetector\OPAMP.OBJ)
     00h     00d5h     00d5h    0001h      DATA     1         @HCCINIT0_VA1OS2 (c:\users\tech\desktop\codetector\OPAMP.OBJ)
     00h     00d6h     00d6h    0001h      DATA     1         @HCCINIT0_VA1OS (c:\users\tech\desktop\codetector\OPAMP.OBJ)
     00h     00d7h     00d7h    0001h      DATA     1         @HCCINIT0_VA0OS2 (c:\users\tech\desktop\codetector\OPAMP.OBJ)
     00h     00d8h     00d8h    0001h      DATA     1         @HCCINIT0_VA0OS (c:\users\tech\desktop\codetector\OPAMP.OBJ)
     00h     00d9h     00d9h    0001h      DATA     0         @HCCINIT0_i (c:\users\tech\desktop\codetector\CO.OBJ)
     00h     00dah     00dbh    0002h      DATA     0         @HCCINIT0_V_op1 (c:\users\tech\desktop\codetector\OPAMP.OBJ)
     00h     00dch     00ddh    0002h      DATA     0         @HCCINIT0_V_op0 (c:\users\tech\desktop\codetector\OPAMP.OBJ)

     Local Sections

     Bank    Start     End      Length     Class    AvgIns    Name
     00h     00a6h     00a6h    0000h      LOCAL    0         @dummy (c:\users\tech\desktop\codetector\CO.OBJ)
     00h     00a6h     00a6h    0000h      LOCAL    0         _main (c:\users\tech\desktop\codetector\CO.OBJ)
     00h     0099h     0099h    0000h      LOCAL    0         _ClockInit (c:\users\tech\desktop\codetector\SYSTEMCLOCK.OBJ)
     00h     0099h     0099h    0000h      LOCAL    0         _GPIOInit (c:\users\tech\desktop\codetector\GPIO.OBJ)
     00h     0099h     0099h    0000h      LOCAL    0         _GPIOToGNDCurentInit (c:\users\tech\desktop\codetector\GPIO.OBJ)
     00h     0099h     0099h    0000h      LOCAL    0         _OPAMPInit (c:\users\tech\desktop\codetector\OPAMP.OBJ)
     00h     0099h     0099h    0000h      LOCAL    0         _OPAMPset (c:\users\tech\desktop\codetector\OPAMP.OBJ)
     00h     0099h     0099h    0000h      LOCAL    0         _S_ADC_Init (c:\users\tech\desktop\codetector\ADC.OBJ)
     00h     0099h     0099h    0000h      LOCAL    0         __DELAYX (C:\Program Files\Holtek MCU Development Tools\HT-IDE3000V8.x\LIB\LIBHOLTEKGCC.LIB)
     00h     00a1h     00a5h    0005h      LOCAL    6.2       _shwoSegment (c:\users\tech\desktop\codetector\SEVENSEGMENT3DIGITCOMPLEX.OBJ)
     00h     0099h     0099h    0000h      LOCAL    0         _ziroDigit1 (c:\users\tech\desktop\codetector\SEVENSEGMENT3DIGITCOMPLEX.OBJ)
     00h     0099h     0099h    0000h      LOCAL    0         _error1Seg (c:\users\tech\desktop\codetector\SEVENSEGMENT3DIGITCOMPLEX.OBJ)
     00h     0099h     0099h    0000h      LOCAL    0         _errorSeg (c:\users\tech\desktop\codetector\SEVENSEGMENT3DIGITCOMPLEX.OBJ)
     00h     0099h     00a0h    0008h      LOCAL    7.375     _builtin_holtek_divmodhi4_isr00 (C:\Program Files\Holtek MCU Development Tools\HT-IDE3000V8.x\LIB\LIBHOLTEKGCC.LIB)
     00h     0099h     009eh    0006h      LOCAL    3.1667    _builtin_holtek_mulhi3_isr00 (C:\Program Files\Holtek MCU Development Tools\HT-IDE3000V8.x\LIB\LIBHOLTEKGCC.LIB)
     00h     0099h     0099h    0000h      LOCAL    0         _nineDigit3 (c:\users\tech\desktop\codetector\SEVENSEGMENT3DIGITCOMPLEX.OBJ)
     00h     0099h     0099h    0000h      LOCAL    0         _ziroDigit3 (c:\users\tech\desktop\codetector\SEVENSEGMENT3DIGITCOMPLEX.OBJ)
     00h     0099h     0099h    0000h      LOCAL    0         _oneDigit3 (c:\users\tech\desktop\codetector\SEVENSEGMENT3DIGITCOMPLEX.OBJ)
     00h     0099h     0099h    0000h      LOCAL    0         _towDigit3 (c:\users\tech\desktop\codetector\SEVENSEGMENT3DIGITCOMPLEX.OBJ)
     00h     0099h     0099h    0000h      LOCAL    0         _threeDigit3 (c:\users\tech\desktop\codetector\SEVENSEGMENT3DIGITCOMPLEX.OBJ)
     00h     0099h     0099h    0000h      LOCAL    0         _fourDigit3 (c:\users\tech\desktop\codetector\SEVENSEGMENT3DIGITCOMPLEX.OBJ)
     00h     0099h     0099h    0000h      LOCAL    0         _fiveDigit3 (c:\users\tech\desktop\codetector\SEVENSEGMENT3DIGITCOMPLEX.OBJ)
     00h     0099h     0099h    0000h      LOCAL    0         _sixDigit3 (c:\users\tech\desktop\codetector\SEVENSEGMENT3DIGITCOMPLEX.OBJ)
     00h     0099h     0099h    0000h      LOCAL    0         _sevenDigit3 (c:\users\tech\desktop\codetector\SEVENSEGMENT3DIGITCOMPLEX.OBJ)
     00h     0099h     0099h    0000h      LOCAL    0         _eightDigit3 (c:\users\tech\desktop\codetector\SEVENSEGMENT3DIGITCOMPLEX.OBJ)
     00h     0099h     0099h    0000h      LOCAL    0         _nineDigit2 (c:\users\tech\desktop\codetector\SEVENSEGMENT3DIGITCOMPLEX.OBJ)
     00h     0099h     0099h    0000h      LOCAL    0         _ziroDigit2 (c:\users\tech\desktop\codetector\SEVENSEGMENT3DIGITCOMPLEX.OBJ)
     00h     0099h     0099h    0000h      LOCAL    0         _oneDigit2 (c:\users\tech\desktop\codetector\SEVENSEGMENT3DIGITCOMPLEX.OBJ)
     00h     0099h     0099h    0000h      LOCAL    0         _towDigit2 (c:\users\tech\desktop\codetector\SEVENSEGMENT3DIGITCOMPLEX.OBJ)
     00h     0099h     0099h    0000h      LOCAL    0         _threeDigit2 (c:\users\tech\desktop\codetector\SEVENSEGMENT3DIGITCOMPLEX.OBJ)
     00h     0099h     0099h    0000h      LOCAL    0         _fourDigit2 (c:\users\tech\desktop\codetector\SEVENSEGMENT3DIGITCOMPLEX.OBJ)
     00h     0099h     0099h    0000h      LOCAL    0         _fiveDigit2 (c:\users\tech\desktop\codetector\SEVENSEGMENT3DIGITCOMPLEX.OBJ)
     00h     0099h     0099h    0000h      LOCAL    0         _sixDigit2 (c:\users\tech\desktop\codetector\SEVENSEGMENT3DIGITCOMPLEX.OBJ)
     00h     0099h     0099h    0000h      LOCAL    0         _sevenDigit2 (c:\users\tech\desktop\codetector\SEVENSEGMENT3DIGITCOMPLEX.OBJ)
     00h     0099h     0099h    0000h      LOCAL    0         _eightDigit2 (c:\users\tech\desktop\codetector\SEVENSEGMENT3DIGITCOMPLEX.OBJ)
     00h     0099h     0099h    0000h      LOCAL    0         _nineDigit1 (c:\users\tech\desktop\codetector\SEVENSEGMENT3DIGITCOMPLEX.OBJ)
     00h     0099h     0099h    0000h      LOCAL    0         _oneDigit1 (c:\users\tech\desktop\codetector\SEVENSEGMENT3DIGITCOMPLEX.OBJ)
     00h     0099h     0099h    0000h      LOCAL    0         _towDigit1 (c:\users\tech\desktop\codetector\SEVENSEGMENT3DIGITCOMPLEX.OBJ)
     00h     0099h     0099h    0000h      LOCAL    0         _threeDigit1 (c:\users\tech\desktop\codetector\SEVENSEGMENT3DIGITCOMPLEX.OBJ)
     00h     0099h     0099h    0000h      LOCAL    0         _fourDigit1 (c:\users\tech\desktop\codetector\SEVENSEGMENT3DIGITCOMPLEX.OBJ)
     00h     0099h     0099h    0000h      LOCAL    0         _fiveDigit1 (c:\users\tech\desktop\codetector\SEVENSEGMENT3DIGITCOMPLEX.OBJ)
     00h     0099h     0099h    0000h      LOCAL    0         _sixDigit1 (c:\users\tech\desktop\codetector\SEVENSEGMENT3DIGITCOMPLEX.OBJ)
     00h     0099h     0099h    0000h      LOCAL    0         _sevenDigit1 (c:\users\tech\desktop\codetector\SEVENSEGMENT3DIGITCOMPLEX.OBJ)
     00h     0099h     0099h    0000h      LOCAL    0         _eightDigit1 (c:\users\tech\desktop\codetector\SEVENSEGMENT3DIGITCOMPLEX.OBJ)
     00h     0099h     009dh    0005h      LOCAL    6.4       _builtin_holtek_divmodqi4_isr00 (C:\Program Files\Holtek MCU Development Tools\HT-IDE3000V8.x\LIB\LIBHOLTEKGCC.LIB)
     00h     0099h     0099h    0001h      LOCAL    1         _S_READ_ADC (c:\users\tech\desktop\codetector\ADC.OBJ)
     00h     00adh     00b9h    000dh      LOCAL    3.3077    _temperature (c:\users\tech\desktop\codetector\NTC.OBJ)
     00h     0099h     0099h    0000h      LOCAL    0         _builtin_holtek_ftdiv (C:\Program Files\Holtek MCU Development Tools\HT-IDE3000V8.x\LIB\LIBHOLTEKGCC.LIB)
     00h     0099h     0099h    0000h      LOCAL    0         _builtin_holtek_ftdecode (C:\Program Files\Holtek MCU Development Tools\HT-IDE3000V8.x\LIB\LIBHOLTEKGCC.LIB)
     00h     0099h     0099h    0000h      LOCAL    0         _builtin_holtek_itof (C:\Program Files\Holtek MCU Development Tools\HT-IDE3000V8.x\LIB\LIBHOLTEKGCC.LIB)
     00h     0099h     0099h    0000h      LOCAL    0         _builtin_holtek_ftmul (C:\Program Files\Holtek MCU Development Tools\HT-IDE3000V8.x\LIB\LIBHOLTEKGCC.LIB)
     00h     0099h     0099h    0000h      LOCAL    0         _builtin_holtek_ftsubadd (C:\Program Files\Holtek MCU Development Tools\HT-IDE3000V8.x\LIB\LIBHOLTEKGCC.LIB)
     00h     0099h     00ach    0014h      LOCAL    3.7       _custom_log (c:\users\tech\desktop\codetector\NTC.OBJ)
     00h     0099h     0099h    0000h      LOCAL    0         _builtin_holtek_dtsubadd (C:\Program Files\Holtek MCU Development Tools\HT-IDE3000V8.x\LIB\LIBHOLTEKGCC.LIB)
     00h     0099h     0099h    0000h      LOCAL    0         _builtin_holtek_dtdecode (C:\Program Files\Holtek MCU Development Tools\HT-IDE3000V8.x\LIB\LIBHOLTEKGCC.LIB)
     00h     0099h     0099h    0000h      LOCAL    0         _builtin_holtek_dtdiv (C:\Program Files\Holtek MCU Development Tools\HT-IDE3000V8.x\LIB\LIBHOLTEKGCC.LIB)
     00h     0099h     0099h    0000h      LOCAL    0         _builtin_holtek_dtmul (C:\Program Files\Holtek MCU Development Tools\HT-IDE3000V8.x\LIB\LIBHOLTEKGCC.LIB)
     00h     00a1h     00a2h    0002h      LOCAL    3         _length (c:\users\tech\desktop\codetector\SEVENSEGMENT3DIGITCOMPLEX.OBJ)

     Indepentent Local Sections

     Bank    Start     End      Length     Class    AvgIns    Name
     00h     0099h     009ah    0002h      ILOCAL   1         _writeToEEPROM (c:\users\tech\desktop\codetector\EEPROM.OBJ)
     00h     0099h     009bh    0003h      ILOCAL   1         _readFromEEPROM (c:\users\tech\desktop\codetector\EEPROM.OBJ)
     00h     0099h     0099h    0000h      ILOCAL   0         _timerBaseInit (c:\users\tech\desktop\codetector\TIMER.OBJ)
     00h     0099h     0099h    0000h      ILOCAL   0         _STimerInit (c:\users\tech\desktop\codetector\TIMER.OBJ)
     00h     0099h     0099h    0000h      ILOCAL   0         _readSTimer (c:\users\tech\desktop\codetector\TIMER.OBJ)
     00h     0099h     0099h    0000h      ILOCAL   0         _builtin_holtek_dtnorm (C:\Program Files\Holtek MCU Development Tools\HT-IDE3000V8.x\LIB\LIBHOLTEKGCC.LIB)
     00h     0099h     0099h    0000h      ILOCAL   0         _builtin_holtek_ftnorm (C:\Program Files\Holtek MCU Development Tools\HT-IDE3000V8.x\LIB\LIBHOLTEKGCC.LIB)
     00h     0099h     0099h    0000h      ILOCAL   0         _builtin_holtek_uitof (C:\Program Files\Holtek MCU Development Tools\HT-IDE3000V8.x\LIB\LIBHOLTEKGCC.LIB)
     00h     0099h     0099h    0000h      ILOCAL   0         _builtin_holtek_dtinf (C:\Program Files\Holtek MCU Development Tools\HT-IDE3000V8.x\LIB\LIBHOLTEKGCC.LIB)
     00h     0099h     0099h    0000h      ILOCAL   0         _builtin_holtek_ftinf (C:\Program Files\Holtek MCU Development Tools\HT-IDE3000V8.x\LIB\LIBHOLTEKGCC.LIB)

     Public Symbols Information
     Address            Public by Name
     00c8h              _Amplifier1
     00ceh              _COValue
     0c6ch              _ClockInit
     0080h[2]           _FT
     0b27h              _GPIOInit
     0b21h              _GPIOToGNDCurentInit
     0c50h              _OPAMPInit
     0b3eh              _OPAMPset
     0cb4h              _STimerInit
     026eh              _S_ADC_Init
     0274h              _S_READ_ADC
     00c0h              _TimerValue
     00d8h              _VA0OS
     00d1h              _VA0OS1
     00d7h              _VA0OS2
     00d6h              _VA1OS
     00d4h              _VA1OS1
     00d5h              _VA1OS2
     00c2h              _VAmplifier1
     00dch              _V_op0
     00dah              _V_op1
     0cddh              __DELAYX0
     0cdch              __DELAYX1
     0cdbh              __DELAYX2
     0cdah              __DELAYX3
     0cd9h              __DELAYX4
     0cd8h              __DELAYX5
     0cd7h              __DELAYX6
     0ce1h              _builtin_holtek_divmodhi4_isr00
     0d2bh              _builtin_holtek_divmodqi4_isr00
     0033h              _builtin_holtek_dtadd
     019eh              _builtin_holtek_dtdecode1
     0193h              _builtin_holtek_dtdecode2
     006fh              _builtin_holtek_dtdiv
     0224h              _builtin_holtek_dtinf
     0153h              _builtin_holtek_dtmul
     01abh              _builtin_holtek_dtnorm
     0031h              _builtin_holtek_dtsub
     01a6h              _builtin_holtek_dtzero
     01a9h              _builtin_holtek_dtzero1
     008ch              _builtin_holtek_exp1
     0092h              _builtin_holtek_exp2
     008eh              _builtin_holtek_floatflag
     00e2h              _builtin_holtek_ftadd
     01e9h              _builtin_holtek_ftdecode1
     01dfh              _builtin_holtek_ftdecode2
     0121h              _builtin_holtek_ftdiv
     022bh              _builtin_holtek_ftinf
     00abh              _builtin_holtek_ftmul
     01f5h              _builtin_holtek_ftnorm
     00e0h              _builtin_holtek_ftsub
     01f1h              _builtin_holtek_ftzero
     01f3h              _builtin_holtek_ftzero1
     0114h              _builtin_holtek_itof
     0089h              _builtin_holtek_mant1
     0096h              _builtin_holtek_mant12p
     008fh              _builtin_holtek_mant2
     0d18h              _builtin_holtek_mulhi3_isr00
     0093h              _builtin_holtek_prod
     008dh              _builtin_holtek_signs
     0cf3h              _builtin_holtek_udivmodhi4_isr00
     0d37h              _builtin_holtek_udivmodqi4_isr00
     011dh              _builtin_holtek_uitof
     00bah              _cunter
     02e5h              _custom_log
     009ah              _custom_log_2
     08cfh              _eightDigit1
     08fch              _eightDigit2
     0929h              _eightDigit3
     05c3h              _error1Seg
     058ah              _errorSeg
     07dch              _fiveDigit1
     07fbh              _fiveDigit2
     081ah              _fiveDigit3
     0785h              _fourDigit1
     07a2h              _fourDigit2
     07bfh              _fourDigit3
     00d9h              _i
     09c5h              _length
     0231h              _main
     00d2h              _my_E
     00beh              _my_E2
     00bch              _n
     094ch              _nineDigit1
     0979h              _nineDigit2
     09a4h              _nineDigit3
     0693h              _oneDigit1
     06a2h              _oneDigit2
     06b1h              _oneDigit3
     0080h[1]           _opamp0
     0080h[0]           _opamp1
     0c94h              _readFromEEPROM
     0ccah              _readSTimer
     089ch              _sevenDigit1
     08adh              _sevenDigit2
     08beh              _sevenDigit3
     09ddh              _shwoSegment
     0839h              _sixDigit1
     085ah              _sixDigit2
     087bh              _sixDigit3
     00c5h              _tempAmplifier1
     00cbh              _temperatur
     0416h              _temperature
     00adh              _temperature_2
     0724h              _threeDigit1
     0747h              _threeDigit2
     0766h              _threeDigit3
     0ca9h              _timerBaseInit
     06c6h              _towDigit1
     06e5h              _towDigit2
     0704h              _towDigit3
     0c84h              _writeToEEPROM
     060ah              _ziroDigit1
     0639h              _ziroDigit2
     0666h              _ziroDigit3
     0081h              ra
     0082h              rb
     0083h              rc
     0084h              rd
     0085h              re
     0086h              rf
     0087h              rg
     0088h              rh
     0021h              startup_value_1

     Address            Public by Value
     0021h              startup_value_1
     0031h              _builtin_holtek_dtsub
     0033h              _builtin_holtek_dtadd
     006fh              _builtin_holtek_dtdiv
     0081h              ra
     0082h              rb
     0083h              rc
     0084h              rd
     0085h              re
     0086h              rf
     0087h              rg
     0088h              rh
     0089h              _builtin_holtek_mant1
     008ch              _builtin_holtek_exp1
     008dh              _builtin_holtek_signs
     008eh              _builtin_holtek_floatflag
     008fh              _builtin_holtek_mant2
     0092h              _builtin_holtek_exp2
     0093h              _builtin_holtek_prod
     0096h              _builtin_holtek_mant12p
     009ah              _custom_log_2
     00abh              _builtin_holtek_ftmul
     00adh              _temperature_2
     00bah              _cunter
     00bch              _n
     00beh              _my_E2
     00c0h              _TimerValue
     00c2h              _VAmplifier1
     00c5h              _tempAmplifier1
     00c8h              _Amplifier1
     00cbh              _temperatur
     00ceh              _COValue
     00d1h              _VA0OS1
     00d2h              _my_E
     00d4h              _VA1OS1
     00d5h              _VA1OS2
     00d6h              _VA1OS
     00d7h              _VA0OS2
     00d8h              _VA0OS
     00d9h              _i
     00dah              _V_op1
     00dch              _V_op0
     00e0h              _builtin_holtek_ftsub
     00e2h              _builtin_holtek_ftadd
     0114h              _builtin_holtek_itof
     011dh              _builtin_holtek_uitof
     0121h              _builtin_holtek_ftdiv
     0153h              _builtin_holtek_dtmul
     0193h              _builtin_holtek_dtdecode2
     019eh              _builtin_holtek_dtdecode1
     01a6h              _builtin_holtek_dtzero
     01a9h              _builtin_holtek_dtzero1
     01abh              _builtin_holtek_dtnorm
     01dfh              _builtin_holtek_ftdecode2
     01e9h              _builtin_holtek_ftdecode1
     01f1h              _builtin_holtek_ftzero
     01f3h              _builtin_holtek_ftzero1
     01f5h              _builtin_holtek_ftnorm
     0224h              _builtin_holtek_dtinf
     022bh              _builtin_holtek_ftinf
     0231h              _main
     026eh              _S_ADC_Init
     0274h              _S_READ_ADC
     02e5h              _custom_log
     0080h[0]           _opamp1
     0080h[1]           _opamp0
     0080h[2]           _FT
     0416h              _temperature
     058ah              _errorSeg
     05c3h              _error1Seg
     060ah              _ziroDigit1
     0639h              _ziroDigit2
     0666h              _ziroDigit3
     0693h              _oneDigit1
     06a2h              _oneDigit2
     06b1h              _oneDigit3
     06c6h              _towDigit1
     06e5h              _towDigit2
     0704h              _towDigit3
     0724h              _threeDigit1
     0747h              _threeDigit2
     0766h              _threeDigit3
     0785h              _fourDigit1
     07a2h              _fourDigit2
     07bfh              _fourDigit3
     07dch              _fiveDigit1
     07fbh              _fiveDigit2
     081ah              _fiveDigit3
     0839h              _sixDigit1
     085ah              _sixDigit2
     087bh              _sixDigit3
     089ch              _sevenDigit1
     08adh              _sevenDigit2
     08beh              _sevenDigit3
     08cfh              _eightDigit1
     08fch              _eightDigit2
     0929h              _eightDigit3
     094ch              _nineDigit1
     0979h              _nineDigit2
     09a4h              _nineDigit3
     09c5h              _length
     09ddh              _shwoSegment
     0b21h              _GPIOToGNDCurentInit
     0b27h              _GPIOInit
     0b3eh              _OPAMPset
     0c50h              _OPAMPInit
     0c6ch              _ClockInit
     0c84h              _writeToEEPROM
     0c94h              _readFromEEPROM
     0ca9h              _timerBaseInit
     0cb4h              _STimerInit
     0ccah              _readSTimer
     0cd7h              __DELAYX6
     0cd8h              __DELAYX5
     0cd9h              __DELAYX4
     0cdah              __DELAYX3
     0cdbh              __DELAYX2
     0cdch              __DELAYX1
     0cddh              __DELAYX0
     0ce1h              _builtin_holtek_divmodhi4_isr00
     0cf3h              _builtin_holtek_udivmodhi4_isr00
     0d18h              _builtin_holtek_mulhi3_isr00
     0d2bh              _builtin_holtek_divmodqi4_isr00
     0d37h              _builtin_holtek_udivmodqi4_isr00


ROM Usage Statistics
     Size      Used     Percentage
     1000h     0d50h    83%

RAM Usage Statistics
    Bank      Size      Used     Percentage
     00h       0080h     005eh    73%
     01h       0080h     0000h    0%
     Total     0100h     005eh    36%

Use Stack Count
_main: 3
_S_READ_ADC: 1
_temperature: 3
_length: 1

Call Tree
    @dummy
        _main (0)
            _ClockInit (1)
            _GPIOInit (1)
            _GPIOToGNDCurentInit (1)
            _OPAMPInit (1)
                _OPAMPset (2)
            _S_ADC_Init (1)
            __DELAYX (1)
            _shwoSegment (1)
                _ziroDigit1 (2)
                    __DELAYX (3)
                _error1Seg (2)
                    __DELAYX (3)
                _errorSeg (2)
                    __DELAYX (3)
                _builtin_holtek_divmodhi4_isr00 (2)
                _builtin_holtek_mulhi3_isr00 (2)
                _nineDigit3 (2)
                    __DELAYX (3)
                _ziroDigit3 (2)
                    __DELAYX (3)
                _oneDigit3 (2)
                    __DELAYX (3)
                _towDigit3 (2)
                    __DELAYX (3)
                _threeDigit3 (2)
                    __DELAYX (3)
                _fourDigit3 (2)
                    __DELAYX (3)
                _fiveDigit3 (2)
                    __DELAYX (3)
                _sixDigit3 (2)
                    __DELAYX (3)
                _sevenDigit3 (2)
                    __DELAYX (3)
                _eightDigit3 (2)
                    __DELAYX (3)
                _nineDigit2 (2)
                    __DELAYX (3)
                _ziroDigit2 (2)
                    __DELAYX (3)
                _oneDigit2 (2)
                    __DELAYX (3)
                _towDigit2 (2)
                    __DELAYX (3)
                _threeDigit2 (2)
                    __DELAYX (3)
                _fourDigit2 (2)
                    __DELAYX (3)
                _fiveDigit2 (2)
                    __DELAYX (3)
                _sixDigit2 (2)
                    __DELAYX (3)
                _sevenDigit2 (2)
                    __DELAYX (3)
                _eightDigit2 (2)
                    __DELAYX (3)
                _nineDigit1 (2)
                    __DELAYX (3)
                _oneDigit1 (2)
                    __DELAYX (3)
                _towDigit1 (2)
                    __DELAYX (3)
                _threeDigit1 (2)
                    __DELAYX (3)
                _fourDigit1 (2)
                    __DELAYX (3)
                _fiveDigit1 (2)
                    __DELAYX (3)
                _sixDigit1 (2)
                    __DELAYX (3)
                _sevenDigit1 (2)
                    __DELAYX (3)
                _eightDigit1 (2)
                    __DELAYX (3)
                _builtin_holtek_divmodqi4_isr00 (2)
    _S_READ_ADC
        __DELAYX (0)
    _temperature
        _builtin_holtek_ftdiv (0)
            _builtin_holtek_ftdecode (1)
        _builtin_holtek_itof (0)
        _builtin_holtek_ftmul (0)
            _builtin_holtek_ftdecode (1)
        _builtin_holtek_ftsubadd (0)
            _builtin_holtek_ftdecode (1)
        _custom_log (0)
            _builtin_holtek_dtsubadd (1)
                _builtin_holtek_dtdecode (2)
            _builtin_holtek_dtsubadd (1)
                _builtin_holtek_dtdecode (2)
            _builtin_holtek_dtdiv (1)
                _builtin_holtek_dtdecode (2)
            _builtin_holtek_ftmul (1)
                _builtin_holtek_ftdecode (2)
            _builtin_holtek_ftsubadd (1)
                _builtin_holtek_ftdecode (2)
            _builtin_holtek_ftsubadd (1)
                _builtin_holtek_ftdecode (2)
            _builtin_holtek_itof (1)
            _builtin_holtek_ftdiv (1)
                _builtin_holtek_ftdecode (2)
        _builtin_holtek_dtmul (0)
            _builtin_holtek_dtdecode (1)
        _builtin_holtek_dtsubadd (0)
            _builtin_holtek_dtdecode (1)
        _builtin_holtek_dtdiv (0)
            _builtin_holtek_dtdecode (1)
        _builtin_holtek_dtsubadd (0)
            _builtin_holtek_dtdecode (1)
    _length
        _builtin_holtek_divmodhi4_isr00 (0)

HLINK: Program entry point at section '@code' (address 0) of file 'c:\users\tech\desktop\codetector\CO.OBJ'

Total 0 error(s), Total 0 Warning(s)
