
Linker Version 8.7.7.220718
Input Object File: c:\users\tech\desktop\codetector\CO.OBJ
Input Object File: c:\users\tech\desktop\codetector\STARTUP1_L.OBJ
Input Object File: c:\users\tech\desktop\codetector\ADC.OBJ
Input Object File: c:\users\tech\desktop\codetector\NTC.OBJ
Input Object File: c:\users\tech\desktop\codetector\SEVENSEGMENT3DIGITCOMPLEX.OBJ
Input Object File: c:\users\tech\desktop\codetector\GPIO.OBJ
Input Object File: c:\users\tech\desktop\codetector\OPAMP.OBJ
Input Object File: c:\users\tech\desktop\codetector\SYSTEMCLOCK.OBJ
Input Object File: c:\users\tech\desktop\codetector\EEPROM.OBJ
Input Object File: c:\users\tech\desktop\codetector\TIMER.OBJ
Input Object File: c:\users\tech\desktop\codetector\BUTTON.OBJ

Input Library File: C:\Program Files\Holtek MCU Development Tools\HT-IDE3000V8.x\LIB\LIBHOLTEKGCC.LIB
Input Library File: C:\Program Files\Holtek MCU Development Tools\HT-IDE3000V8.x\LIB\v3_lmrsc.lib


     Bank    Start     End      Length     Class    AvgIns    Name
     00h     0000h     0000h    0001h      CODE               @code (c:\users\tech\desktop\codetector\CO.OBJ)
     00h     0001h     0021h    0021h      CODE               @start (c:\users\tech\desktop\codetector\CO.OBJ)
     00h     0022h     0031h    0010h      CODE               @ROMDATA_BASE (c:\users\tech\desktop\codetector\STARTUP1_L.OBJ)
     00h     0032h     006fh    003eh      CODE               @builtin_holtek_dtsubadd (C:\Program Files\Holtek MCU Development Tools\HT-IDE3000V8.x\LIB\LIBHOLTEKGCC.LIB)
     00h     0070h     00abh    003ch      CODE               _builtin_holtek_dtdiv (C:\Program Files\Holtek MCU Development Tools\HT-IDE3000V8.x\LIB\LIBHOLTEKGCC.LIB)
     00h     00ach     00e0h    0035h      CODE               _builtin_holtek_ftmul (C:\Program Files\Holtek MCU Development Tools\HT-IDE3000V8.x\LIB\LIBHOLTEKGCC.LIB)
     00h     00e1h     0114h    0034h      CODE               @builtin_holtek_ftsubadd (C:\Program Files\Holtek MCU Development Tools\HT-IDE3000V8.x\LIB\LIBHOLTEKGCC.LIB)
     00h     0115h     0121h    000dh      CODE               itofaz (C:\Program Files\Holtek MCU Development Tools\HT-IDE3000V8.x\LIB\LIBHOLTEKGCC.LIB)
     00h     0122h     0153h    0032h      CODE               _builtin_holtek_ftdiv (C:\Program Files\Holtek MCU Development Tools\HT-IDE3000V8.x\LIB\LIBHOLTEKGCC.LIB)
     00h     0154h     0193h    0040h      CODE               _builtin_holtek_dtmul (C:\Program Files\Holtek MCU Development Tools\HT-IDE3000V8.x\LIB\LIBHOLTEKGCC.LIB)
     00h     0194h     01abh    0018h      CODE               @builtin_holtek_dtdecode (C:\Program Files\Holtek MCU Development Tools\HT-IDE3000V8.x\LIB\LIBHOLTEKGCC.LIB)
     00h     01ach     01dfh    0034h      CODE               _builtin_holtek_dtnorm (C:\Program Files\Holtek MCU Development Tools\HT-IDE3000V8.x\LIB\LIBHOLTEKGCC.LIB)
     00h     01e0h     01f5h    0016h      CODE               @builtin_holtek_ftdecode (C:\Program Files\Holtek MCU Development Tools\HT-IDE3000V8.x\LIB\LIBHOLTEKGCC.LIB)
     00h     01f6h     0224h    002fh      CODE               _builtin_holtek_ftnorm (C:\Program Files\Holtek MCU Development Tools\HT-IDE3000V8.x\LIB\LIBHOLTEKGCC.LIB)
     00h     0225h     022bh    0007h      CODE               _builtin_holtek_dtinf (C:\Program Files\Holtek MCU Development Tools\HT-IDE3000V8.x\LIB\LIBHOLTEKGCC.LIB)
     00h     022ch     0231h    0006h      CODE               _builtin_holtek_ftinf (C:\Program Files\Holtek MCU Development Tools\HT-IDE3000V8.x\LIB\LIBHOLTEKGCC.LIB)
     00h     0232h     02bfh    008eh      CODE               _main (c:\users\tech\desktop\codetector\CO.OBJ)
     00h     02c0h     02c5h    0006h      CODE               _S_ADC_Init (c:\users\tech\desktop\codetector\ADC.OBJ)
     00h     02c6h     0336h    0071h      CODE               _S_READ_ADC (c:\users\tech\desktop\codetector\ADC.OBJ)
     00h     0337h     0467h    0131h      CODE               _custom_log (c:\users\tech\desktop\codetector\NTC.OBJ)
     00h     0468h     05dbh    0174h      CODE               _temperature (c:\users\tech\desktop\codetector\NTC.OBJ)
     00h     05dch     0614h    0039h      CODE               _errorSeg (c:\users\tech\desktop\codetector\SEVENSEGMENT3DIGITCOMPLEX.OBJ)
     00h     0615h     065bh    0047h      CODE               _error1Seg (c:\users\tech\desktop\codetector\SEVENSEGMENT3DIGITCOMPLEX.OBJ)
     00h     065ch     068ah    002fh      CODE               _ziroDigit1 (c:\users\tech\desktop\codetector\SEVENSEGMENT3DIGITCOMPLEX.OBJ)
     00h     068bh     06b7h    002dh      CODE               _ziroDigit2 (c:\users\tech\desktop\codetector\SEVENSEGMENT3DIGITCOMPLEX.OBJ)
     00h     06b8h     06e4h    002dh      CODE               _ziroDigit3 (c:\users\tech\desktop\codetector\SEVENSEGMENT3DIGITCOMPLEX.OBJ)
     00h     06e5h     06f3h    000fh      CODE               _oneDigit1 (c:\users\tech\desktop\codetector\SEVENSEGMENT3DIGITCOMPLEX.OBJ)
     00h     06f4h     0702h    000fh      CODE               _oneDigit2 (c:\users\tech\desktop\codetector\SEVENSEGMENT3DIGITCOMPLEX.OBJ)
     00h     0703h     0717h    0015h      CODE               _oneDigit3 (c:\users\tech\desktop\codetector\SEVENSEGMENT3DIGITCOMPLEX.OBJ)
     00h     0718h     0736h    001fh      CODE               _towDigit1 (c:\users\tech\desktop\codetector\SEVENSEGMENT3DIGITCOMPLEX.OBJ)
     00h     0737h     0755h    001fh      CODE               _towDigit2 (c:\users\tech\desktop\codetector\SEVENSEGMENT3DIGITCOMPLEX.OBJ)
     00h     0756h     0775h    0020h      CODE               _towDigit3 (c:\users\tech\desktop\codetector\SEVENSEGMENT3DIGITCOMPLEX.OBJ)
     00h     0776h     0798h    0023h      CODE               _threeDigit1 (c:\users\tech\desktop\codetector\SEVENSEGMENT3DIGITCOMPLEX.OBJ)
     00h     0799h     07b7h    001fh      CODE               _threeDigit2 (c:\users\tech\desktop\codetector\SEVENSEGMENT3DIGITCOMPLEX.OBJ)
     00h     07b8h     07d6h    001fh      CODE               _threeDigit3 (c:\users\tech\desktop\codetector\SEVENSEGMENT3DIGITCOMPLEX.OBJ)
     00h     07d7h     07f3h    001dh      CODE               _fourDigit1 (c:\users\tech\desktop\codetector\SEVENSEGMENT3DIGITCOMPLEX.OBJ)
     00h     07f4h     0810h    001dh      CODE               _fourDigit2 (c:\users\tech\desktop\codetector\SEVENSEGMENT3DIGITCOMPLEX.OBJ)
     00h     0811h     082dh    001dh      CODE               _fourDigit3 (c:\users\tech\desktop\codetector\SEVENSEGMENT3DIGITCOMPLEX.OBJ)
     00h     082eh     084ch    001fh      CODE               _fiveDigit1 (c:\users\tech\desktop\codetector\SEVENSEGMENT3DIGITCOMPLEX.OBJ)
     00h     084dh     086bh    001fh      CODE               _fiveDigit2 (c:\users\tech\desktop\codetector\SEVENSEGMENT3DIGITCOMPLEX.OBJ)
     00h     086ch     088ah    001fh      CODE               _fiveDigit3 (c:\users\tech\desktop\codetector\SEVENSEGMENT3DIGITCOMPLEX.OBJ)
     00h     088bh     08abh    0021h      CODE               _sixDigit1 (c:\users\tech\desktop\codetector\SEVENSEGMENT3DIGITCOMPLEX.OBJ)
     00h     08ach     08cch    0021h      CODE               _sixDigit2 (c:\users\tech\desktop\codetector\SEVENSEGMENT3DIGITCOMPLEX.OBJ)
     00h     08cdh     08edh    0021h      CODE               _sixDigit3 (c:\users\tech\desktop\codetector\SEVENSEGMENT3DIGITCOMPLEX.OBJ)
     00h     08eeh     08feh    0011h      CODE               _sevenDigit1 (c:\users\tech\desktop\codetector\SEVENSEGMENT3DIGITCOMPLEX.OBJ)
     00h     08ffh     090fh    0011h      CODE               _sevenDigit2 (c:\users\tech\desktop\codetector\SEVENSEGMENT3DIGITCOMPLEX.OBJ)
     00h     0910h     0920h    0011h      CODE               _sevenDigit3 (c:\users\tech\desktop\codetector\SEVENSEGMENT3DIGITCOMPLEX.OBJ)
     00h     0921h     094dh    002dh      CODE               _eightDigit1 (c:\users\tech\desktop\codetector\SEVENSEGMENT3DIGITCOMPLEX.OBJ)
     00h     094eh     097ah    002dh      CODE               _eightDigit2 (c:\users\tech\desktop\codetector\SEVENSEGMENT3DIGITCOMPLEX.OBJ)
     00h     097bh     099dh    0023h      CODE               _eightDigit3 (c:\users\tech\desktop\codetector\SEVENSEGMENT3DIGITCOMPLEX.OBJ)
     00h     099eh     09cah    002dh      CODE               _nineDigit1 (c:\users\tech\desktop\codetector\SEVENSEGMENT3DIGITCOMPLEX.OBJ)
     00h     09cbh     09f5h    002bh      CODE               _nineDigit2 (c:\users\tech\desktop\codetector\SEVENSEGMENT3DIGITCOMPLEX.OBJ)
     00h     09f6h     0a16h    0021h      CODE               _nineDigit3 (c:\users\tech\desktop\codetector\SEVENSEGMENT3DIGITCOMPLEX.OBJ)
     00h     0a17h     0a2eh    0018h      CODE               _length (c:\users\tech\desktop\codetector\SEVENSEGMENT3DIGITCOMPLEX.OBJ)
     00h     0a2fh     0b72h    0144h      CODE               _shwoSegment (c:\users\tech\desktop\codetector\SEVENSEGMENT3DIGITCOMPLEX.OBJ)
     00h     0b73h     0b79h    0007h      CODE               _clearSegment (c:\users\tech\desktop\codetector\SEVENSEGMENT3DIGITCOMPLEX.OBJ)
     00h     0b7ah     0b7fh    0006h      CODE               _GPIOToGNDCurentInit (c:\users\tech\desktop\codetector\GPIO.OBJ)
     00h     0b80h     0b96h    0017h      CODE               _GPIOInit (c:\users\tech\desktop\codetector\GPIO.OBJ)
     00h     0b97h     0ca8h    0112h      CODE               _OPAMPset (c:\users\tech\desktop\codetector\OPAMP.OBJ)
     00h     0ca9h     0cc4h    001ch      CODE               _OPAMPInit (c:\users\tech\desktop\codetector\OPAMP.OBJ)
     00h     0cc5h     0cdch    0018h      CODE               _ClockInit (c:\users\tech\desktop\codetector\SYSTEMCLOCK.OBJ)
     00h     0cddh     0cech    0010h      CODE               _writeToEEPROM (c:\users\tech\desktop\codetector\EEPROM.OBJ)
     00h     0cedh     0d01h    0015h      CODE               _readFromEEPROM (c:\users\tech\desktop\codetector\EEPROM.OBJ)
     00h     0d02h     0d0ch    000bh      CODE               _timerBaseInit (c:\users\tech\desktop\codetector\TIMER.OBJ)
     00h     0d0dh     0d22h    0016h      CODE               _STimerInit (c:\users\tech\desktop\codetector\TIMER.OBJ)
     00h     0d23h     0d2fh    000dh      CODE               _readSTimer (c:\users\tech\desktop\codetector\TIMER.OBJ)
     00h     0d30h     0d30h    0001h      CODE               _buttonInit (c:\users\tech\desktop\codetector\BUTTON.OBJ)
     00h     0d31h     0d3ah    000ah      CODE               __DELAYX (C:\Program Files\Holtek MCU Development Tools\HT-IDE3000V8.x\LIB\LIBHOLTEKGCC.LIB)
     00h     0d3bh     0d71h    0037h      CODE               _builtin_holtek_divmodhi4_isr00 (C:\Program Files\Holtek MCU Development Tools\HT-IDE3000V8.x\LIB\LIBHOLTEKGCC.LIB)
     00h     0d72h     0d84h    0013h      CODE               _builtin_holtek_mulhi3_isr00 (C:\Program Files\Holtek MCU Development Tools\HT-IDE3000V8.x\LIB\LIBHOLTEKGCC.LIB)
     00h     0d85h     0da9h    0025h      CODE               _builtin_holtek_divmodqi4_isr00 (C:\Program Files\Holtek MCU Development Tools\HT-IDE3000V8.x\LIB\LIBHOLTEKGCC.LIB)
     00h     0080h     0080h    0001h      DATA     0         @BITDATASEC (c:\users\tech\desktop\codetector\STARTUP1_L.OBJ)
     00h     0081h     0081h    0001h      DATA     48        @data_ra (C:\Program Files\Holtek MCU Development Tools\HT-IDE3000V8.x\LIB\LIBHOLTEKGCC.LIB)
     00h     0082h     0082h    0001h      DATA     115       @data_rb (C:\Program Files\Holtek MCU Development Tools\HT-IDE3000V8.x\LIB\LIBHOLTEKGCC.LIB)
     00h     0083h     0083h    0001h      DATA     100       @data_rc (C:\Program Files\Holtek MCU Development Tools\HT-IDE3000V8.x\LIB\LIBHOLTEKGCC.LIB)
     00h     0084h     0084h    0001h      DATA     60        @data_rd (C:\Program Files\Holtek MCU Development Tools\HT-IDE3000V8.x\LIB\LIBHOLTEKGCC.LIB)
     00h     0085h     0085h    0001h      DATA     60        @data_re (C:\Program Files\Holtek MCU Development Tools\HT-IDE3000V8.x\LIB\LIBHOLTEKGCC.LIB)
     00h     0086h     0086h    0001h      DATA     32        @data_rf (C:\Program Files\Holtek MCU Development Tools\HT-IDE3000V8.x\LIB\LIBHOLTEKGCC.LIB)
     00h     0087h     0087h    0001h      DATA     32        @data_rg (C:\Program Files\Holtek MCU Development Tools\HT-IDE3000V8.x\LIB\LIBHOLTEKGCC.LIB)
     00h     0088h     0088h    0001h      DATA     15        @data_rh (C:\Program Files\Holtek MCU Development Tools\HT-IDE3000V8.x\LIB\LIBHOLTEKGCC.LIB)
     00h     0089h     008eh    0006h      DATA     59.5      ftdata1 (C:\Program Files\Holtek MCU Development Tools\HT-IDE3000V8.x\LIB\LIBHOLTEKGCC.LIB)
     00h     008fh     0095h    0007h      DATA     28.857    ftdata2 (C:\Program Files\Holtek MCU Development Tools\HT-IDE3000V8.x\LIB\LIBHOLTEKGCC.LIB)
     00h     0096h     0098h    0003h      DATA     26.667    dtdata (C:\Program Files\Holtek MCU Development Tools\HT-IDE3000V8.x\LIB\LIBHOLTEKGCC.LIB)
     00h     00bah     00bbh    0002h      DATA     5         @HCCINIT_debounceCounter (c:\users\tech\desktop\codetector\CO.OBJ)
     00h     00bch     00bdh    0002h      DATA     3         @HCCINIT_cunter (c:\users\tech\desktop\codetector\CO.OBJ)
     00h     00beh     00bfh    0002h      DATA     2         @HCCINIT_pressCount (c:\users\tech\desktop\codetector\CO.OBJ)
     00h     00c0h     00c1h    0002h      DATA     1         @HCCINIT_n (c:\users\tech\desktop\codetector\NTC.OBJ)
     00h     00c2h     00c3h    0002h      DATA     0         @HCCINIT_TimerValue (c:\users\tech\desktop\codetector\CO.OBJ)
     00h     00c4h     00c6h    0003h      DATA     0         @HCCINIT_VAmplifier1 (c:\users\tech\desktop\codetector\CO.OBJ)
     00h     00c7h     00c9h    0003h      DATA     0         @HCCINIT_tempAmplifier1 (c:\users\tech\desktop\codetector\CO.OBJ)
     00h     00cah     00cch    0003h      DATA     0         @HCCINIT_Amplifier1 (c:\users\tech\desktop\codetector\CO.OBJ)
     00h     00cdh     00cfh    0003h      DATA     0         @HCCINIT_temperatur (c:\users\tech\desktop\codetector\CO.OBJ)
     00h     00d0h     00d2h    0003h      DATA     0         @HCCINIT_COValue (c:\users\tech\desktop\codetector\CO.OBJ)
     00h     00d3h     00d4h    0002h      DATA     5         @HCCINIT0_buttonStatus (c:\users\tech\desktop\codetector\CO.OBJ)
     00h     00d5h     00d5h    0001h      DATA     4         @HCCINIT0_VA0OS1 (c:\users\tech\desktop\codetector\OPAMP.OBJ)
     00h     00d6h     00d6h    0001h      DATA     2         @HCCINIT0_VA1OS1 (c:\users\tech\desktop\codetector\OPAMP.OBJ)
     00h     00d7h     00d8h    0002h      DATA     1         @HCCINIT0_state (c:\users\tech\desktop\codetector\CO.OBJ)
     00h     00d9h     00dah    0002h      DATA     1         @HCCINIT0_currentTime (c:\users\tech\desktop\codetector\CO.OBJ)
     00h     00dbh     00dch    0002h      DATA     1         @HCCINIT0_my_E2 (c:\users\tech\desktop\codetector\CO.OBJ)
     00h     00ddh     00deh    0002h      DATA     1         @HCCINIT0_my_E (c:\users\tech\desktop\codetector\CO.OBJ)
     00h     00dfh     00dfh    0001h      DATA     1         @HCCINIT0_VA1OS2 (c:\users\tech\desktop\codetector\OPAMP.OBJ)
     00h     00e0h     00e0h    0001h      DATA     1         @HCCINIT0_VA1OS (c:\users\tech\desktop\codetector\OPAMP.OBJ)
     00h     00e1h     00e1h    0001h      DATA     1         @HCCINIT0_VA0OS2 (c:\users\tech\desktop\codetector\OPAMP.OBJ)
     00h     00e2h     00e2h    0001h      DATA     1         @HCCINIT0_VA0OS (c:\users\tech\desktop\codetector\OPAMP.OBJ)
     00h     00e3h     00e3h    0001h      DATA     0         @HCCINIT0_i (c:\users\tech\desktop\codetector\CO.OBJ)
     00h     00e4h     00e5h    0002h      DATA     0         @HCCINIT0_V_op1 (c:\users\tech\desktop\codetector\OPAMP.OBJ)
     00h     00e6h     00e7h    0002h      DATA     0         @HCCINIT0_V_op0 (c:\users\tech\desktop\codetector\OPAMP.OBJ)

     Local Sections

     Bank    Start     End      Length     Class    AvgIns    Name
     00h     00a9h     00a9h    0000h      LOCAL    0         @dummy (c:\users\tech\desktop\codetector\CO.OBJ)
     00h     00a6h     00a8h    0003h      LOCAL    4         _main (c:\users\tech\desktop\codetector\CO.OBJ)
     00h     0099h     0099h    0000h      LOCAL    0         _ClockInit (c:\users\tech\desktop\codetector\SYSTEMCLOCK.OBJ)
     00h     0099h     0099h    0000h      LOCAL    0         _GPIOInit (c:\users\tech\desktop\codetector\GPIO.OBJ)
     00h     0099h     0099h    0000h      LOCAL    0         _GPIOToGNDCurentInit (c:\users\tech\desktop\codetector\GPIO.OBJ)
     00h     0099h     0099h    0000h      LOCAL    0         _OPAMPInit (c:\users\tech\desktop\codetector\OPAMP.OBJ)
     00h     0099h     0099h    0000h      LOCAL    0         _OPAMPset (c:\users\tech\desktop\codetector\OPAMP.OBJ)
     00h     0099h     0099h    0000h      LOCAL    0         _S_ADC_Init (c:\users\tech\desktop\codetector\ADC.OBJ)
     00h     0099h     0099h    0000h      LOCAL    0         _clearSegment (c:\users\tech\desktop\codetector\SEVENSEGMENT3DIGITCOMPLEX.OBJ)
     00h     00a1h     00a5h    0005h      LOCAL    7         _shwoSegment (c:\users\tech\desktop\codetector\SEVENSEGMENT3DIGITCOMPLEX.OBJ)
     00h     0099h     0099h    0000h      LOCAL    0         _ziroDigit1 (c:\users\tech\desktop\codetector\SEVENSEGMENT3DIGITCOMPLEX.OBJ)
     00h     0099h     0099h    0000h      LOCAL    0         __DELAYX (C:\Program Files\Holtek MCU Development Tools\HT-IDE3000V8.x\LIB\LIBHOLTEKGCC.LIB)
     00h     0099h     0099h    0000h      LOCAL    0         _error1Seg (c:\users\tech\desktop\codetector\SEVENSEGMENT3DIGITCOMPLEX.OBJ)
     00h     0099h     0099h    0000h      LOCAL    0         _errorSeg (c:\users\tech\desktop\codetector\SEVENSEGMENT3DIGITCOMPLEX.OBJ)
     00h     0099h     00a0h    0008h      LOCAL    7.375     _builtin_holtek_divmodhi4_isr00 (C:\Program Files\Holtek MCU Development Tools\HT-IDE3000V8.x\LIB\LIBHOLTEKGCC.LIB)
     00h     0099h     009eh    0006h      LOCAL    3.1667    _builtin_holtek_mulhi3_isr00 (C:\Program Files\Holtek MCU Development Tools\HT-IDE3000V8.x\LIB\LIBHOLTEKGCC.LIB)
     00h     0099h     0099h    0000h      LOCAL    0         _nineDigit3 (c:\users\tech\desktop\codetector\SEVENSEGMENT3DIGITCOMPLEX.OBJ)
     00h     0099h     0099h    0000h      LOCAL    0         _ziroDigit3 (c:\users\tech\desktop\codetector\SEVENSEGMENT3DIGITCOMPLEX.OBJ)
     00h     0099h     0099h    0000h      LOCAL    0         _oneDigit3 (c:\users\tech\desktop\codetector\SEVENSEGMENT3DIGITCOMPLEX.OBJ)
     00h     0099h     0099h    0000h      LOCAL    0         _towDigit3 (c:\users\tech\desktop\codetector\SEVENSEGMENT3DIGITCOMPLEX.OBJ)
     00h     0099h     0099h    0000h      LOCAL    0         _threeDigit3 (c:\users\tech\desktop\codetector\SEVENSEGMENT3DIGITCOMPLEX.OBJ)
     00h     0099h     0099h    0000h      LOCAL    0         _fourDigit3 (c:\users\tech\desktop\codetector\SEVENSEGMENT3DIGITCOMPLEX.OBJ)
     00h     0099h     0099h    0000h      LOCAL    0         _fiveDigit3 (c:\users\tech\desktop\codetector\SEVENSEGMENT3DIGITCOMPLEX.OBJ)
     00h     0099h     0099h    0000h      LOCAL    0         _sixDigit3 (c:\users\tech\desktop\codetector\SEVENSEGMENT3DIGITCOMPLEX.OBJ)
     00h     0099h     0099h    0000h      LOCAL    0         _sevenDigit3 (c:\users\tech\desktop\codetector\SEVENSEGMENT3DIGITCOMPLEX.OBJ)
     00h     0099h     0099h    0000h      LOCAL    0         _eightDigit3 (c:\users\tech\desktop\codetector\SEVENSEGMENT3DIGITCOMPLEX.OBJ)
     00h     0099h     0099h    0000h      LOCAL    0         _nineDigit2 (c:\users\tech\desktop\codetector\SEVENSEGMENT3DIGITCOMPLEX.OBJ)
     00h     0099h     0099h    0000h      LOCAL    0         _ziroDigit2 (c:\users\tech\desktop\codetector\SEVENSEGMENT3DIGITCOMPLEX.OBJ)
     00h     0099h     0099h    0000h      LOCAL    0         _oneDigit2 (c:\users\tech\desktop\codetector\SEVENSEGMENT3DIGITCOMPLEX.OBJ)
     00h     0099h     0099h    0000h      LOCAL    0         _towDigit2 (c:\users\tech\desktop\codetector\SEVENSEGMENT3DIGITCOMPLEX.OBJ)
     00h     0099h     0099h    0000h      LOCAL    0         _threeDigit2 (c:\users\tech\desktop\codetector\SEVENSEGMENT3DIGITCOMPLEX.OBJ)
     00h     0099h     0099h    0000h      LOCAL    0         _fourDigit2 (c:\users\tech\desktop\codetector\SEVENSEGMENT3DIGITCOMPLEX.OBJ)
     00h     0099h     0099h    0000h      LOCAL    0         _fiveDigit2 (c:\users\tech\desktop\codetector\SEVENSEGMENT3DIGITCOMPLEX.OBJ)
     00h     0099h     0099h    0000h      LOCAL    0         _sixDigit2 (c:\users\tech\desktop\codetector\SEVENSEGMENT3DIGITCOMPLEX.OBJ)
     00h     0099h     0099h    0000h      LOCAL    0         _sevenDigit2 (c:\users\tech\desktop\codetector\SEVENSEGMENT3DIGITCOMPLEX.OBJ)
     00h     0099h     0099h    0000h      LOCAL    0         _eightDigit2 (c:\users\tech\desktop\codetector\SEVENSEGMENT3DIGITCOMPLEX.OBJ)
     00h     0099h     0099h    0000h      LOCAL    0         _nineDigit1 (c:\users\tech\desktop\codetector\SEVENSEGMENT3DIGITCOMPLEX.OBJ)
     00h     0099h     0099h    0000h      LOCAL    0         _oneDigit1 (c:\users\tech\desktop\codetector\SEVENSEGMENT3DIGITCOMPLEX.OBJ)
     00h     0099h     0099h    0000h      LOCAL    0         _towDigit1 (c:\users\tech\desktop\codetector\SEVENSEGMENT3DIGITCOMPLEX.OBJ)
     00h     0099h     0099h    0000h      LOCAL    0         _threeDigit1 (c:\users\tech\desktop\codetector\SEVENSEGMENT3DIGITCOMPLEX.OBJ)
     00h     0099h     0099h    0000h      LOCAL    0         _fourDigit1 (c:\users\tech\desktop\codetector\SEVENSEGMENT3DIGITCOMPLEX.OBJ)
     00h     0099h     0099h    0000h      LOCAL    0         _fiveDigit1 (c:\users\tech\desktop\codetector\SEVENSEGMENT3DIGITCOMPLEX.OBJ)
     00h     0099h     0099h    0000h      LOCAL    0         _sixDigit1 (c:\users\tech\desktop\codetector\SEVENSEGMENT3DIGITCOMPLEX.OBJ)
     00h     0099h     0099h    0000h      LOCAL    0         _sevenDigit1 (c:\users\tech\desktop\codetector\SEVENSEGMENT3DIGITCOMPLEX.OBJ)
     00h     0099h     0099h    0000h      LOCAL    0         _eightDigit1 (c:\users\tech\desktop\codetector\SEVENSEGMENT3DIGITCOMPLEX.OBJ)
     00h     0099h     009dh    0005h      LOCAL    6.4       _builtin_holtek_divmodqi4_isr00 (C:\Program Files\Holtek MCU Development Tools\HT-IDE3000V8.x\LIB\LIBHOLTEKGCC.LIB)
     00h     0099h     0099h    0001h      LOCAL    1         _S_READ_ADC (c:\users\tech\desktop\codetector\ADC.OBJ)
     00h     00adh     00b9h    000dh      LOCAL    3.3077    _temperature (c:\users\tech\desktop\codetector\NTC.OBJ)
     00h     0099h     0099h    0000h      LOCAL    0         _builtin_holtek_ftdiv (C:\Program Files\Holtek MCU Development Tools\HT-IDE3000V8.x\LIB\LIBHOLTEKGCC.LIB)
     00h     0099h     0099h    0000h      LOCAL    0         _builtin_holtek_ftdecode (C:\Program Files\Holtek MCU Development Tools\HT-IDE3000V8.x\LIB\LIBHOLTEKGCC.LIB)
     00h     0099h     0099h    0000h      LOCAL    0         _builtin_holtek_itof (C:\Program Files\Holtek MCU Development Tools\HT-IDE3000V8.x\LIB\LIBHOLTEKGCC.LIB)
     00h     0099h     0099h    0000h      LOCAL    0         _builtin_holtek_ftmul (C:\Program Files\Holtek MCU Development Tools\HT-IDE3000V8.x\LIB\LIBHOLTEKGCC.LIB)
     00h     0099h     0099h    0000h      LOCAL    0         _builtin_holtek_ftsubadd (C:\Program Files\Holtek MCU Development Tools\HT-IDE3000V8.x\LIB\LIBHOLTEKGCC.LIB)
     00h     0099h     00ach    0014h      LOCAL    3.7       _custom_log (c:\users\tech\desktop\codetector\NTC.OBJ)
     00h     0099h     0099h    0000h      LOCAL    0         _builtin_holtek_dtsubadd (C:\Program Files\Holtek MCU Development Tools\HT-IDE3000V8.x\LIB\LIBHOLTEKGCC.LIB)
     00h     0099h     0099h    0000h      LOCAL    0         _builtin_holtek_dtdecode (C:\Program Files\Holtek MCU Development Tools\HT-IDE3000V8.x\LIB\LIBHOLTEKGCC.LIB)
     00h     0099h     0099h    0000h      LOCAL    0         _builtin_holtek_dtdiv (C:\Program Files\Holtek MCU Development Tools\HT-IDE3000V8.x\LIB\LIBHOLTEKGCC.LIB)
     00h     0099h     0099h    0000h      LOCAL    0         _builtin_holtek_dtmul (C:\Program Files\Holtek MCU Development Tools\HT-IDE3000V8.x\LIB\LIBHOLTEKGCC.LIB)
     00h     00a1h     00a2h    0002h      LOCAL    3         _length (c:\users\tech\desktop\codetector\SEVENSEGMENT3DIGITCOMPLEX.OBJ)

     Indepentent Local Sections

     Bank    Start     End      Length     Class    AvgIns    Name
     00h     0099h     009ah    0002h      ILOCAL   1         _writeToEEPROM (c:\users\tech\desktop\codetector\EEPROM.OBJ)
     00h     0099h     009bh    0003h      ILOCAL   1         _readFromEEPROM (c:\users\tech\desktop\codetector\EEPROM.OBJ)
     00h     0099h     0099h    0000h      ILOCAL   0         _timerBaseInit (c:\users\tech\desktop\codetector\TIMER.OBJ)
     00h     0099h     0099h    0000h      ILOCAL   0         _STimerInit (c:\users\tech\desktop\codetector\TIMER.OBJ)
     00h     0099h     0099h    0000h      ILOCAL   0         _readSTimer (c:\users\tech\desktop\codetector\TIMER.OBJ)
     00h     0099h     0099h    0000h      ILOCAL   0         _buttonInit (c:\users\tech\desktop\codetector\BUTTON.OBJ)
     00h     0099h     0099h    0000h      ILOCAL   0         _builtin_holtek_dtnorm (C:\Program Files\Holtek MCU Development Tools\HT-IDE3000V8.x\LIB\LIBHOLTEKGCC.LIB)
     00h     0099h     0099h    0000h      ILOCAL   0         _builtin_holtek_ftnorm (C:\Program Files\Holtek MCU Development Tools\HT-IDE3000V8.x\LIB\LIBHOLTEKGCC.LIB)
     00h     0099h     0099h    0000h      ILOCAL   0         _builtin_holtek_uitof (C:\Program Files\Holtek MCU Development Tools\HT-IDE3000V8.x\LIB\LIBHOLTEKGCC.LIB)
     00h     0099h     0099h    0000h      ILOCAL   0         _builtin_holtek_dtinf (C:\Program Files\Holtek MCU Development Tools\HT-IDE3000V8.x\LIB\LIBHOLTEKGCC.LIB)
     00h     0099h     0099h    0000h      ILOCAL   0         _builtin_holtek_ftinf (C:\Program Files\Holtek MCU Development Tools\HT-IDE3000V8.x\LIB\LIBHOLTEKGCC.LIB)

     Public Symbols Information
     Address            Public by Name
     00cah              _Amplifier1
     00d0h              _COValue
     0cc5h              _ClockInit
     0080h[2]           _FT
     0b80h              _GPIOInit
     0b7ah              _GPIOToGNDCurentInit
     0ca9h              _OPAMPInit
     0b97h              _OPAMPset
     0d0dh              _STimerInit
     02c0h              _S_ADC_Init
     02c6h              _S_READ_ADC
     00c2h              _TimerValue
     00e2h              _VA0OS
     00d5h              _VA0OS1
     00e1h              _VA0OS2
     00e0h              _VA1OS
     00d6h              _VA1OS1
     00dfh              _VA1OS2
     00c4h              _VAmplifier1
     00e6h              _V_op0
     00e4h              _V_op1
     0d37h              __DELAYX0
     0d36h              __DELAYX1
     0d35h              __DELAYX2
     0d34h              __DELAYX3
     0d33h              __DELAYX4
     0d32h              __DELAYX5
     0d31h              __DELAYX6
     0d3bh              _builtin_holtek_divmodhi4_isr00
     0d85h              _builtin_holtek_divmodqi4_isr00
     0034h              _builtin_holtek_dtadd
     019fh              _builtin_holtek_dtdecode1
     0194h              _builtin_holtek_dtdecode2
     0070h              _builtin_holtek_dtdiv
     0225h              _builtin_holtek_dtinf
     0154h              _builtin_holtek_dtmul
     01ach              _builtin_holtek_dtnorm
     0032h              _builtin_holtek_dtsub
     01a7h              _builtin_holtek_dtzero
     01aah              _builtin_holtek_dtzero1
     008ch              _builtin_holtek_exp1
     0092h              _builtin_holtek_exp2
     008eh              _builtin_holtek_floatflag
     00e3h              _builtin_holtek_ftadd
     01eah              _builtin_holtek_ftdecode1
     01e0h              _builtin_holtek_ftdecode2
     0122h              _builtin_holtek_ftdiv
     022ch              _builtin_holtek_ftinf
     00ach              _builtin_holtek_ftmul
     01f6h              _builtin_holtek_ftnorm
     00e1h              _builtin_holtek_ftsub
     01f2h              _builtin_holtek_ftzero
     01f4h              _builtin_holtek_ftzero1
     0115h              _builtin_holtek_itof
     0089h              _builtin_holtek_mant1
     0096h              _builtin_holtek_mant12p
     008fh              _builtin_holtek_mant2
     0d72h              _builtin_holtek_mulhi3_isr00
     0093h              _builtin_holtek_prod
     008dh              _builtin_holtek_signs
     0d4dh              _builtin_holtek_udivmodhi4_isr00
     0d91h              _builtin_holtek_udivmodqi4_isr00
     011eh              _builtin_holtek_uitof
     0d30h              _buttonInit
     00d3h              _buttonStatus
     0b73h              _clearSegment
     00bch              _cunter
     00d9h              _currentTime
     0337h              _custom_log
     009ah              _custom_log_2
     0921h              _eightDigit1
     094eh              _eightDigit2
     097bh              _eightDigit3
     0615h              _error1Seg
     05dch              _errorSeg
     082eh              _fiveDigit1
     084dh              _fiveDigit2
     086ch              _fiveDigit3
     07d7h              _fourDigit1
     07f4h              _fourDigit2
     0811h              _fourDigit3
     00e3h              _i
     0a17h              _length
     0232h              _main
     00ddh              _my_E
     00dbh              _my_E2
     00c0h              _n
     099eh              _nineDigit1
     09cbh              _nineDigit2
     09f6h              _nineDigit3
     06e5h              _oneDigit1
     06f4h              _oneDigit2
     0703h              _oneDigit3
     0080h[1]           _opamp0
     0080h[0]           _opamp1
     0cedh              _readFromEEPROM
     0d23h              _readSTimer
     08eeh              _sevenDigit1
     08ffh              _sevenDigit2
     0910h              _sevenDigit3
     0a2fh              _shwoSegment
     088bh              _sixDigit1
     08ach              _sixDigit2
     08cdh              _sixDigit3
     00d7h              _state
     00c7h              _tempAmplifier1
     00cdh              _temperatur
     0468h              _temperature
     00adh              _temperature_2
     0776h              _threeDigit1
     0799h              _threeDigit2
     07b8h              _threeDigit3
     0d02h              _timerBaseInit
     0718h              _towDigit1
     0737h              _towDigit2
     0756h              _towDigit3
     0cddh              _writeToEEPROM
     065ch              _ziroDigit1
     068bh              _ziroDigit2
     06b8h              _ziroDigit3
     0081h              ra
     0082h              rb
     0083h              rc
     0084h              rd
     0085h              re
     0086h              rf
     0087h              rg
     0088h              rh
     0021h              startup_value_1

     Address            Public by Value
     0021h              startup_value_1
     0032h              _builtin_holtek_dtsub
     0034h              _builtin_holtek_dtadd
     0070h              _builtin_holtek_dtdiv
     0081h              ra
     0082h              rb
     0083h              rc
     0084h              rd
     0085h              re
     0086h              rf
     0087h              rg
     0088h              rh
     0089h              _builtin_holtek_mant1
     008ch              _builtin_holtek_exp1
     008dh              _builtin_holtek_signs
     008eh              _builtin_holtek_floatflag
     008fh              _builtin_holtek_mant2
     0092h              _builtin_holtek_exp2
     0093h              _builtin_holtek_prod
     0096h              _builtin_holtek_mant12p
     009ah              _custom_log_2
     00ach              _builtin_holtek_ftmul
     00adh              _temperature_2
     00bch              _cunter
     00c0h              _n
     00c2h              _TimerValue
     00c4h              _VAmplifier1
     00c7h              _tempAmplifier1
     00cah              _Amplifier1
     00cdh              _temperatur
     00d0h              _COValue
     00d3h              _buttonStatus
     00d5h              _VA0OS1
     00d6h              _VA1OS1
     00d7h              _state
     00d9h              _currentTime
     00dbh              _my_E2
     00ddh              _my_E
     00dfh              _VA1OS2
     00e0h              _VA1OS
     00e1h              _builtin_holtek_ftsub
     00e1h              _VA0OS2
     00e2h              _VA0OS
     00e3h              _builtin_holtek_ftadd
     00e3h              _i
     00e4h              _V_op1
     00e6h              _V_op0
     0115h              _builtin_holtek_itof
     011eh              _builtin_holtek_uitof
     0122h              _builtin_holtek_ftdiv
     0154h              _builtin_holtek_dtmul
     0194h              _builtin_holtek_dtdecode2
     019fh              _builtin_holtek_dtdecode1
     01a7h              _builtin_holtek_dtzero
     01aah              _builtin_holtek_dtzero1
     01ach              _builtin_holtek_dtnorm
     01e0h              _builtin_holtek_ftdecode2
     01eah              _builtin_holtek_ftdecode1
     01f2h              _builtin_holtek_ftzero
     01f4h              _builtin_holtek_ftzero1
     01f6h              _builtin_holtek_ftnorm
     0225h              _builtin_holtek_dtinf
     022ch              _builtin_holtek_ftinf
     0232h              _main
     02c0h              _S_ADC_Init
     02c6h              _S_READ_ADC
     0337h              _custom_log
     0080h[0]           _opamp1
     0080h[1]           _opamp0
     0080h[2]           _FT
     0468h              _temperature
     05dch              _errorSeg
     0615h              _error1Seg
     065ch              _ziroDigit1
     068bh              _ziroDigit2
     06b8h              _ziroDigit3
     06e5h              _oneDigit1
     06f4h              _oneDigit2
     0703h              _oneDigit3
     0718h              _towDigit1
     0737h              _towDigit2
     0756h              _towDigit3
     0776h              _threeDigit1
     0799h              _threeDigit2
     07b8h              _threeDigit3
     07d7h              _fourDigit1
     07f4h              _fourDigit2
     0811h              _fourDigit3
     082eh              _fiveDigit1
     084dh              _fiveDigit2
     086ch              _fiveDigit3
     088bh              _sixDigit1
     08ach              _sixDigit2
     08cdh              _sixDigit3
     08eeh              _sevenDigit1
     08ffh              _sevenDigit2
     0910h              _sevenDigit3
     0921h              _eightDigit1
     094eh              _eightDigit2
     097bh              _eightDigit3
     099eh              _nineDigit1
     09cbh              _nineDigit2
     09f6h              _nineDigit3
     0a17h              _length
     0a2fh              _shwoSegment
     0b73h              _clearSegment
     0b7ah              _GPIOToGNDCurentInit
     0b80h              _GPIOInit
     0b97h              _OPAMPset
     0ca9h              _OPAMPInit
     0cc5h              _ClockInit
     0cddh              _writeToEEPROM
     0cedh              _readFromEEPROM
     0d02h              _timerBaseInit
     0d0dh              _STimerInit
     0d23h              _readSTimer
     0d30h              _buttonInit
     0d31h              __DELAYX6
     0d32h              __DELAYX5
     0d33h              __DELAYX4
     0d34h              __DELAYX3
     0d35h              __DELAYX2
     0d36h              __DELAYX1
     0d37h              __DELAYX0
     0d3bh              _builtin_holtek_divmodhi4_isr00
     0d4dh              _builtin_holtek_udivmodhi4_isr00
     0d72h              _builtin_holtek_mulhi3_isr00
     0d85h              _builtin_holtek_divmodqi4_isr00
     0d91h              _builtin_holtek_udivmodqi4_isr00


ROM Usage Statistics
     Size      Used     Percentage
     1000h     0daah    85%

RAM Usage Statistics
    Bank      Size      Used     Percentage
     00h       0080h     0068h    81%
     01h       0080h     0000h    0%
     Total     0100h     0068h    40%

Use Stack Count
_main: 3
_S_READ_ADC: 1
_temperature: 3
_length: 1

Call Tree
    @dummy
        _main (0)
            _ClockInit (1)
            _GPIOInit (1)
            _GPIOToGNDCurentInit (1)
            _OPAMPInit (1)
                _OPAMPset (2)
            _S_ADC_Init (1)
            _clearSegment (1)
            _shwoSegment (1)
                _ziroDigit1 (2)
                    __DELAYX (3)
                _error1Seg (2)
                    __DELAYX (3)
                _errorSeg (2)
                    __DELAYX (3)
                _builtin_holtek_divmodhi4_isr00 (2)
                _builtin_holtek_mulhi3_isr00 (2)
                _nineDigit3 (2)
                    __DELAYX (3)
                _ziroDigit3 (2)
                    __DELAYX (3)
                _oneDigit3 (2)
                    __DELAYX (3)
                _towDigit3 (2)
                    __DELAYX (3)
                _threeDigit3 (2)
                    __DELAYX (3)
                _fourDigit3 (2)
                    __DELAYX (3)
                _fiveDigit3 (2)
                    __DELAYX (3)
                _sixDigit3 (2)
                    __DELAYX (3)
                _sevenDigit3 (2)
                    __DELAYX (3)
                _eightDigit3 (2)
                    __DELAYX (3)
                _nineDigit2 (2)
                    __DELAYX (3)
                _ziroDigit2 (2)
                    __DELAYX (3)
                _oneDigit2 (2)
                    __DELAYX (3)
                _towDigit2 (2)
                    __DELAYX (3)
                _threeDigit2 (2)
                    __DELAYX (3)
                _fourDigit2 (2)
                    __DELAYX (3)
                _fiveDigit2 (2)
                    __DELAYX (3)
                _sixDigit2 (2)
                    __DELAYX (3)
                _sevenDigit2 (2)
                    __DELAYX (3)
                _eightDigit2 (2)
                    __DELAYX (3)
                _nineDigit1 (2)
                    __DELAYX (3)
                _oneDigit1 (2)
                    __DELAYX (3)
                _towDigit1 (2)
                    __DELAYX (3)
                _threeDigit1 (2)
                    __DELAYX (3)
                _fourDigit1 (2)
                    __DELAYX (3)
                _fiveDigit1 (2)
                    __DELAYX (3)
                _sixDigit1 (2)
                    __DELAYX (3)
                _sevenDigit1 (2)
                    __DELAYX (3)
                _eightDigit1 (2)
                    __DELAYX (3)
                _builtin_holtek_divmodqi4_isr00 (2)
    _S_READ_ADC
        __DELAYX (0)
    _temperature
        _builtin_holtek_ftdiv (0)
            _builtin_holtek_ftdecode (1)
        _builtin_holtek_itof (0)
        _builtin_holtek_ftmul (0)
            _builtin_holtek_ftdecode (1)
        _builtin_holtek_ftsubadd (0)
            _builtin_holtek_ftdecode (1)
        _custom_log (0)
            _builtin_holtek_dtsubadd (1)
                _builtin_holtek_dtdecode (2)
            _builtin_holtek_dtsubadd (1)
                _builtin_holtek_dtdecode (2)
            _builtin_holtek_dtdiv (1)
                _builtin_holtek_dtdecode (2)
            _builtin_holtek_ftmul (1)
                _builtin_holtek_ftdecode (2)
            _builtin_holtek_ftsubadd (1)
                _builtin_holtek_ftdecode (2)
            _builtin_holtek_ftsubadd (1)
                _builtin_holtek_ftdecode (2)
            _builtin_holtek_itof (1)
            _builtin_holtek_ftdiv (1)
                _builtin_holtek_ftdecode (2)
        _builtin_holtek_dtmul (0)
            _builtin_holtek_dtdecode (1)
        _builtin_holtek_dtsubadd (0)
            _builtin_holtek_dtdecode (1)
        _builtin_holtek_dtdiv (0)
            _builtin_holtek_dtdecode (1)
        _builtin_holtek_dtsubadd (0)
            _builtin_holtek_dtdecode (1)
    _length
        _builtin_holtek_divmodhi4_isr00 (0)

HLINK: Program entry point at section '@code' (address 0) of file 'c:\users\tech\desktop\codetector\CO.OBJ'

Total 0 error(s), Total 0 Warning(s)
