
Linker Version 8.7.7.220718
Input Object File: c:\users\tech\desktop\codetector\CO.OBJ
Input Object File: c:\users\tech\desktop\codetector\STARTUP1_L.OBJ
Input Object File: c:\users\tech\desktop\codetector\ADC.OBJ
Input Object File: c:\users\tech\desktop\codetector\NTC.OBJ
Input Object File: c:\users\tech\desktop\codetector\SEVENSEGMENT3DIGITCOMPLEX.OBJ
Input Object File: c:\users\tech\desktop\codetector\GPIO.OBJ
Input Object File: c:\users\tech\desktop\codetector\OPAMP.OBJ
Input Object File: c:\users\tech\desktop\codetector\SYSTEMCLOCK.OBJ
Input Object File: c:\users\tech\desktop\codetector\STIMER.OBJ
Input Object File: c:\users\tech\desktop\codetector\EEPROM.OBJ

Input Library File: C:\Program Files\Holtek MCU Development Tools\HT-IDE3000V8.x\LIB\LIBHOLTEKGCC.LIB
Input Library File: C:\Program Files\Holtek MCU Development Tools\HT-IDE3000V8.x\LIB\v3_lmrsc.lib


     Bank    Start     End      Length     Class    AvgIns    Name
     00h     0000h     0000h    0001h      CODE               @code (c:\users\tech\desktop\codetector\CO.OBJ)
     00h     0001h     0021h    0021h      CODE               @start (c:\users\tech\desktop\codetector\CO.OBJ)
     00h     0022h     0032h    0011h      CODE               @ROMDATA_BASE (c:\users\tech\desktop\codetector\STARTUP1_L.OBJ)
     00h     0033h     0037h    0005h      CODE               itodaz (C:\Program Files\Holtek MCU Development Tools\HT-IDE3000V8.x\LIB\LIBHOLTEKGCC.LIB)
     00h     0038h     0073h    003ch      CODE               _builtin_holtek_dtdiv (C:\Program Files\Holtek MCU Development Tools\HT-IDE3000V8.x\LIB\LIBHOLTEKGCC.LIB)
     00h     0074h     00b3h    0040h      CODE               _builtin_holtek_dtmul (C:\Program Files\Holtek MCU Development Tools\HT-IDE3000V8.x\LIB\LIBHOLTEKGCC.LIB)
     00h     00b4h     00e7h    0034h      CODE               @builtin_holtek_ftsubadd (C:\Program Files\Holtek MCU Development Tools\HT-IDE3000V8.x\LIB\LIBHOLTEKGCC.LIB)
     00h     00e8h     0119h    0032h      CODE               _builtin_holtek_ftdiv (C:\Program Files\Holtek MCU Development Tools\HT-IDE3000V8.x\LIB\LIBHOLTEKGCC.LIB)
     00h     011ah     0157h    003eh      CODE               @builtin_holtek_dtsubadd (C:\Program Files\Holtek MCU Development Tools\HT-IDE3000V8.x\LIB\LIBHOLTEKGCC.LIB)
     00h     0158h     018ch    0035h      CODE               _builtin_holtek_ftmul (C:\Program Files\Holtek MCU Development Tools\HT-IDE3000V8.x\LIB\LIBHOLTEKGCC.LIB)
     00h     018dh     0199h    000dh      CODE               itofaz (C:\Program Files\Holtek MCU Development Tools\HT-IDE3000V8.x\LIB\LIBHOLTEKGCC.LIB)
     00h     019ah     01cdh    0034h      CODE               _builtin_holtek_dtnorm (C:\Program Files\Holtek MCU Development Tools\HT-IDE3000V8.x\LIB\LIBHOLTEKGCC.LIB)
     00h     01ceh     01e5h    0018h      CODE               @builtin_holtek_dtdecode (C:\Program Files\Holtek MCU Development Tools\HT-IDE3000V8.x\LIB\LIBHOLTEKGCC.LIB)
     00h     01e6h     0214h    002fh      CODE               _builtin_holtek_ftnorm (C:\Program Files\Holtek MCU Development Tools\HT-IDE3000V8.x\LIB\LIBHOLTEKGCC.LIB)
     00h     0215h     022ah    0016h      CODE               @builtin_holtek_ftdecode (C:\Program Files\Holtek MCU Development Tools\HT-IDE3000V8.x\LIB\LIBHOLTEKGCC.LIB)
     00h     022bh     0231h    0007h      CODE               _builtin_holtek_dtinf (C:\Program Files\Holtek MCU Development Tools\HT-IDE3000V8.x\LIB\LIBHOLTEKGCC.LIB)
     00h     0232h     0237h    0006h      CODE               _builtin_holtek_ftinf (C:\Program Files\Holtek MCU Development Tools\HT-IDE3000V8.x\LIB\LIBHOLTEKGCC.LIB)
     00h     0238h     0355h    011eh      CODE               _main (c:\users\tech\desktop\codetector\CO.OBJ)
     00h     0356h     035bh    0006h      CODE               _S_ADC_Init (c:\users\tech\desktop\codetector\ADC.OBJ)
     00h     035ch     03cch    0071h      CODE               _S_READ_ADC (c:\users\tech\desktop\codetector\ADC.OBJ)
     00h     03cdh     04fdh    0131h      CODE               _custom_log (c:\users\tech\desktop\codetector\NTC.OBJ)
     00h     04feh     0671h    0174h      CODE               _temperature (c:\users\tech\desktop\codetector\NTC.OBJ)
     00h     0672h     06aah    0039h      CODE               _errorSeg (c:\users\tech\desktop\codetector\SEVENSEGMENT3DIGITCOMPLEX.OBJ)
     00h     06abh     06f1h    0047h      CODE               _error1Seg (c:\users\tech\desktop\codetector\SEVENSEGMENT3DIGITCOMPLEX.OBJ)
     00h     06f2h     0720h    002fh      CODE               _ziroDigit1 (c:\users\tech\desktop\codetector\SEVENSEGMENT3DIGITCOMPLEX.OBJ)
     00h     0721h     074dh    002dh      CODE               _ziroDigit2 (c:\users\tech\desktop\codetector\SEVENSEGMENT3DIGITCOMPLEX.OBJ)
     00h     074eh     077ah    002dh      CODE               _ziroDigit3 (c:\users\tech\desktop\codetector\SEVENSEGMENT3DIGITCOMPLEX.OBJ)
     00h     077bh     0789h    000fh      CODE               _oneDigit1 (c:\users\tech\desktop\codetector\SEVENSEGMENT3DIGITCOMPLEX.OBJ)
     00h     078ah     0798h    000fh      CODE               _oneDigit2 (c:\users\tech\desktop\codetector\SEVENSEGMENT3DIGITCOMPLEX.OBJ)
     00h     0799h     07adh    0015h      CODE               _oneDigit3 (c:\users\tech\desktop\codetector\SEVENSEGMENT3DIGITCOMPLEX.OBJ)
     00h     07aeh     07cch    001fh      CODE               _towDigit1 (c:\users\tech\desktop\codetector\SEVENSEGMENT3DIGITCOMPLEX.OBJ)
     00h     07cdh     07ebh    001fh      CODE               _towDigit2 (c:\users\tech\desktop\codetector\SEVENSEGMENT3DIGITCOMPLEX.OBJ)
     00h     07ech     080bh    0020h      CODE               _towDigit3 (c:\users\tech\desktop\codetector\SEVENSEGMENT3DIGITCOMPLEX.OBJ)
     00h     080ch     082eh    0023h      CODE               _threeDigit1 (c:\users\tech\desktop\codetector\SEVENSEGMENT3DIGITCOMPLEX.OBJ)
     00h     082fh     084dh    001fh      CODE               _threeDigit2 (c:\users\tech\desktop\codetector\SEVENSEGMENT3DIGITCOMPLEX.OBJ)
     00h     084eh     086ch    001fh      CODE               _threeDigit3 (c:\users\tech\desktop\codetector\SEVENSEGMENT3DIGITCOMPLEX.OBJ)
     00h     086dh     0889h    001dh      CODE               _fourDigit1 (c:\users\tech\desktop\codetector\SEVENSEGMENT3DIGITCOMPLEX.OBJ)
     00h     088ah     08a6h    001dh      CODE               _fourDigit2 (c:\users\tech\desktop\codetector\SEVENSEGMENT3DIGITCOMPLEX.OBJ)
     00h     08a7h     08c3h    001dh      CODE               _fourDigit3 (c:\users\tech\desktop\codetector\SEVENSEGMENT3DIGITCOMPLEX.OBJ)
     00h     08c4h     08e2h    001fh      CODE               _fiveDigit1 (c:\users\tech\desktop\codetector\SEVENSEGMENT3DIGITCOMPLEX.OBJ)
     00h     08e3h     0901h    001fh      CODE               _fiveDigit2 (c:\users\tech\desktop\codetector\SEVENSEGMENT3DIGITCOMPLEX.OBJ)
     00h     0902h     0920h    001fh      CODE               _fiveDigit3 (c:\users\tech\desktop\codetector\SEVENSEGMENT3DIGITCOMPLEX.OBJ)
     00h     0921h     0941h    0021h      CODE               _sixDigit1 (c:\users\tech\desktop\codetector\SEVENSEGMENT3DIGITCOMPLEX.OBJ)
     00h     0942h     0962h    0021h      CODE               _sixDigit2 (c:\users\tech\desktop\codetector\SEVENSEGMENT3DIGITCOMPLEX.OBJ)
     00h     0963h     0983h    0021h      CODE               _sixDigit3 (c:\users\tech\desktop\codetector\SEVENSEGMENT3DIGITCOMPLEX.OBJ)
     00h     0984h     0994h    0011h      CODE               _sevenDigit1 (c:\users\tech\desktop\codetector\SEVENSEGMENT3DIGITCOMPLEX.OBJ)
     00h     0995h     09a5h    0011h      CODE               _sevenDigit2 (c:\users\tech\desktop\codetector\SEVENSEGMENT3DIGITCOMPLEX.OBJ)
     00h     09a6h     09b6h    0011h      CODE               _sevenDigit3 (c:\users\tech\desktop\codetector\SEVENSEGMENT3DIGITCOMPLEX.OBJ)
     00h     09b7h     09e3h    002dh      CODE               _eightDigit1 (c:\users\tech\desktop\codetector\SEVENSEGMENT3DIGITCOMPLEX.OBJ)
     00h     09e4h     0a10h    002dh      CODE               _eightDigit2 (c:\users\tech\desktop\codetector\SEVENSEGMENT3DIGITCOMPLEX.OBJ)
     00h     0a11h     0a33h    0023h      CODE               _eightDigit3 (c:\users\tech\desktop\codetector\SEVENSEGMENT3DIGITCOMPLEX.OBJ)
     00h     0a34h     0a60h    002dh      CODE               _nineDigit1 (c:\users\tech\desktop\codetector\SEVENSEGMENT3DIGITCOMPLEX.OBJ)
     00h     0a61h     0a8bh    002bh      CODE               _nineDigit2 (c:\users\tech\desktop\codetector\SEVENSEGMENT3DIGITCOMPLEX.OBJ)
     00h     0a8ch     0aach    0021h      CODE               _nineDigit3 (c:\users\tech\desktop\codetector\SEVENSEGMENT3DIGITCOMPLEX.OBJ)
     00h     0aadh     0ac4h    0018h      CODE               _length (c:\users\tech\desktop\codetector\SEVENSEGMENT3DIGITCOMPLEX.OBJ)
     00h     0ac5h     0c08h    0144h      CODE               _shwoSegment (c:\users\tech\desktop\codetector\SEVENSEGMENT3DIGITCOMPLEX.OBJ)
     00h     0c09h     0c0eh    0006h      CODE               _GPIOToGNDCurentInit (c:\users\tech\desktop\codetector\GPIO.OBJ)
     00h     0c0fh     0c25h    0017h      CODE               _GPIOInit (c:\users\tech\desktop\codetector\GPIO.OBJ)
     00h     0c26h     0d37h    0112h      CODE               _OPAMPset (c:\users\tech\desktop\codetector\OPAMP.OBJ)
     00h     0d38h     0d53h    001ch      CODE               _OPAMPInit (c:\users\tech\desktop\codetector\OPAMP.OBJ)
     00h     0d54h     0d6bh    0018h      CODE               _ClockInit (c:\users\tech\desktop\codetector\SYSTEMCLOCK.OBJ)
     00h     0d6ch     0d78h    000dh      CODE               _STimerInit (c:\users\tech\desktop\codetector\STIMER.OBJ)
     00h     0d79h     0d85h    000dh      CODE               _readSTimer (c:\users\tech\desktop\codetector\STIMER.OBJ)
     00h     0d86h     0d95h    0010h      CODE               _writeToEEPROM (c:\users\tech\desktop\codetector\EEPROM.OBJ)
     00h     0d96h     0daah    0015h      CODE               _readFromEEPROM (c:\users\tech\desktop\codetector\EEPROM.OBJ)
     00h     0dabh     0db4h    000ah      CODE               __DELAYX (C:\Program Files\Holtek MCU Development Tools\HT-IDE3000V8.x\LIB\LIBHOLTEKGCC.LIB)
     00h     0db5h     0debh    0037h      CODE               _builtin_holtek_divmodhi4_isr00 (C:\Program Files\Holtek MCU Development Tools\HT-IDE3000V8.x\LIB\LIBHOLTEKGCC.LIB)
     00h     0dech     0dfeh    0013h      CODE               _builtin_holtek_mulhi3_isr00 (C:\Program Files\Holtek MCU Development Tools\HT-IDE3000V8.x\LIB\LIBHOLTEKGCC.LIB)
     00h     0dffh     0e23h    0025h      CODE               _builtin_holtek_divmodqi4_isr00 (C:\Program Files\Holtek MCU Development Tools\HT-IDE3000V8.x\LIB\LIBHOLTEKGCC.LIB)
     00h     0080h     0081h    0002h      DATA     0         @BITDATASEC (c:\users\tech\desktop\codetector\STARTUP1_L.OBJ)
     00h     0082h     0082h    0001h      DATA     55        @data_ra (C:\Program Files\Holtek MCU Development Tools\HT-IDE3000V8.x\LIB\LIBHOLTEKGCC.LIB)
     00h     0083h     0083h    0001h      DATA     125       @data_rb (C:\Program Files\Holtek MCU Development Tools\HT-IDE3000V8.x\LIB\LIBHOLTEKGCC.LIB)
     00h     0084h     0084h    0001h      DATA     108       @data_rc (C:\Program Files\Holtek MCU Development Tools\HT-IDE3000V8.x\LIB\LIBHOLTEKGCC.LIB)
     00h     0085h     0085h    0001h      DATA     69        @data_rd (C:\Program Files\Holtek MCU Development Tools\HT-IDE3000V8.x\LIB\LIBHOLTEKGCC.LIB)
     00h     0086h     0086h    0001h      DATA     73        @data_re (C:\Program Files\Holtek MCU Development Tools\HT-IDE3000V8.x\LIB\LIBHOLTEKGCC.LIB)
     00h     0087h     0087h    0001h      DATA     42        @data_rf (C:\Program Files\Holtek MCU Development Tools\HT-IDE3000V8.x\LIB\LIBHOLTEKGCC.LIB)
     00h     0088h     0088h    0001h      DATA     42        @data_rg (C:\Program Files\Holtek MCU Development Tools\HT-IDE3000V8.x\LIB\LIBHOLTEKGCC.LIB)
     00h     0089h     0089h    0001h      DATA     19        @data_rh (C:\Program Files\Holtek MCU Development Tools\HT-IDE3000V8.x\LIB\LIBHOLTEKGCC.LIB)
     00h     008ah     008fh    0006h      DATA     66.833    ftdata1 (C:\Program Files\Holtek MCU Development Tools\HT-IDE3000V8.x\LIB\LIBHOLTEKGCC.LIB)
     00h     0090h     0092h    0003h      DATA     30.333    dtdata (C:\Program Files\Holtek MCU Development Tools\HT-IDE3000V8.x\LIB\LIBHOLTEKGCC.LIB)
     00h     0093h     0099h    0007h      DATA     31        ftdata2 (C:\Program Files\Holtek MCU Development Tools\HT-IDE3000V8.x\LIB\LIBHOLTEKGCC.LIB)
     00h     00bbh     00bdh    0003h      DATA     4         @HCCINIT_tempAmplifier1 (c:\users\tech\desktop\codetector\CO.OBJ)
     00h     00beh     00bfh    0002h      DATA     3         @HCCINIT_cunter (c:\users\tech\desktop\codetector\CO.OBJ)
     00h     00c0h     00c2h    0003h      DATA     3         @HCCINIT_Amplifier1 (c:\users\tech\desktop\codetector\CO.OBJ)
     00h     00c3h     00c4h    0002h      DATA     2         @HCCINIT_my_E (c:\users\tech\desktop\codetector\CO.OBJ)
     00h     00c5h     00c7h    0003h      DATA     2         @HCCINIT_VDD (c:\users\tech\desktop\codetector\CO.OBJ)
     00h     00c8h     00c9h    0002h      DATA     1         @HCCINIT_my_E2 (c:\users\tech\desktop\codetector\CO.OBJ)
     00h     00cah     00cbh    0002h      DATA     1         @HCCINIT_TimerValue (c:\users\tech\desktop\codetector\CO.OBJ)
     00h     00cch     00ceh    0003h      DATA     1         @HCCINIT_VAmplifier1 (c:\users\tech\desktop\codetector\CO.OBJ)
     00h     00cfh     00d1h    0003h      DATA     1         @HCCINIT_temperatur (c:\users\tech\desktop\codetector\CO.OBJ)
     00h     00d2h     00d4h    0003h      DATA     1         @HCCINIT_COValue (c:\users\tech\desktop\codetector\CO.OBJ)
     00h     00d5h     00d6h    0002h      DATA     1         @HCCINIT_n (c:\users\tech\desktop\codetector\NTC.OBJ)
     00h     00d7h     00d7h    0001h      DATA     4         @HCCINIT0_VA0OS1 (c:\users\tech\desktop\codetector\OPAMP.OBJ)
     00h     00d8h     00d8h    0001h      DATA     3         @HCCINIT0_i (c:\users\tech\desktop\codetector\CO.OBJ)
     00h     00d9h     00d9h    0001h      DATA     2         @HCCINIT0_VA1OS1 (c:\users\tech\desktop\codetector\OPAMP.OBJ)
     00h     00dah     00dah    0001h      DATA     1         @HCCINIT0_ppm (c:\users\tech\desktop\codetector\CO.OBJ)
     00h     00dbh     00dbh    0001h      DATA     1         @HCCINIT0_VA1OS2 (c:\users\tech\desktop\codetector\OPAMP.OBJ)
     00h     00dch     00dch    0001h      DATA     1         @HCCINIT0_VA1OS (c:\users\tech\desktop\codetector\OPAMP.OBJ)
     00h     00ddh     00ddh    0001h      DATA     1         @HCCINIT0_VA0OS2 (c:\users\tech\desktop\codetector\OPAMP.OBJ)
     00h     00deh     00deh    0001h      DATA     1         @HCCINIT0_VA0OS (c:\users\tech\desktop\codetector\OPAMP.OBJ)
     00h     00dfh     00dfh    0001h      DATA     0         @HCCINIT0_block (c:\users\tech\desktop\codetector\CO.OBJ)
     00h     00e0h     00e0h    0001h      DATA     0         @HCCINIT0_adres2 (c:\users\tech\desktop\codetector\CO.OBJ)
     00h     00e1h     00e1h    0001h      DATA     0         @HCCINIT0_adres1 (c:\users\tech\desktop\codetector\CO.OBJ)
     00h     00e2h     00e3h    0002h      DATA     0         @HCCINIT0_buz_delay (c:\users\tech\desktop\codetector\CO.OBJ)
     00h     00e4h     00e4h    0001h      DATA     0         @HCCINIT0_test_tm (c:\users\tech\desktop\codetector\CO.OBJ)
     00h     00e5h     00e6h    0002h      DATA     0         @HCCINIT0_V_op1 (c:\users\tech\desktop\codetector\OPAMP.OBJ)
     00h     00e7h     00e8h    0002h      DATA     0         @HCCINIT0_V_op0 (c:\users\tech\desktop\codetector\OPAMP.OBJ)

     Local Sections

     Bank    Start     End      Length     Class    AvgIns    Name
     00h     00bbh     00bbh    0000h      LOCAL    0         @dummy (c:\users\tech\desktop\codetector\CO.OBJ)
     00h     00bbh     00bbh    0000h      LOCAL    0         _main (c:\users\tech\desktop\codetector\CO.OBJ)
     00h     009ah     009ah    0000h      LOCAL    0         _ClockInit (c:\users\tech\desktop\codetector\SYSTEMCLOCK.OBJ)
     00h     009ah     009ah    0000h      LOCAL    0         _GPIOInit (c:\users\tech\desktop\codetector\GPIO.OBJ)
     00h     009ah     009ah    0000h      LOCAL    0         _GPIOToGNDCurentInit (c:\users\tech\desktop\codetector\GPIO.OBJ)
     00h     009ah     009ah    0000h      LOCAL    0         _OPAMPInit (c:\users\tech\desktop\codetector\OPAMP.OBJ)
     00h     009ah     009ah    0000h      LOCAL    0         _OPAMPset (c:\users\tech\desktop\codetector\OPAMP.OBJ)
     00h     009ah     009ah    0000h      LOCAL    0         _S_ADC_Init (c:\users\tech\desktop\codetector\ADC.OBJ)
     00h     009ah     009ah    0000h      LOCAL    0         _STimerInit (c:\users\tech\desktop\codetector\STIMER.OBJ)
     00h     009ah     009ch    0003h      LOCAL    2.3333    _readFromEEPROM (c:\users\tech\desktop\codetector\EEPROM.OBJ)
     00h     009ah     009bh    0002h      LOCAL    1.5       _writeToEEPROM (c:\users\tech\desktop\codetector\EEPROM.OBJ)
     00h     009ah     009ah    0000h      LOCAL    0         __DELAYX (C:\Program Files\Holtek MCU Development Tools\HT-IDE3000V8.x\LIB\LIBHOLTEKGCC.LIB)
     00h     009ah     009ah    0001h      LOCAL    1         _S_READ_ADC (c:\users\tech\desktop\codetector\ADC.OBJ)
     00h     00aeh     00bah    000dh      LOCAL    3.6923    _temperature (c:\users\tech\desktop\codetector\NTC.OBJ)
     00h     009ah     009ah    0000h      LOCAL    0         _builtin_holtek_ftdiv (C:\Program Files\Holtek MCU Development Tools\HT-IDE3000V8.x\LIB\LIBHOLTEKGCC.LIB)
     00h     009ah     009ah    0000h      LOCAL    0         _builtin_holtek_ftdecode (C:\Program Files\Holtek MCU Development Tools\HT-IDE3000V8.x\LIB\LIBHOLTEKGCC.LIB)
     00h     009ah     009ah    0000h      LOCAL    0         _builtin_holtek_itof (C:\Program Files\Holtek MCU Development Tools\HT-IDE3000V8.x\LIB\LIBHOLTEKGCC.LIB)
     00h     009ah     009ah    0000h      LOCAL    0         _builtin_holtek_ftmul (C:\Program Files\Holtek MCU Development Tools\HT-IDE3000V8.x\LIB\LIBHOLTEKGCC.LIB)
     00h     009ah     009ah    0000h      LOCAL    0         _builtin_holtek_ftsubadd (C:\Program Files\Holtek MCU Development Tools\HT-IDE3000V8.x\LIB\LIBHOLTEKGCC.LIB)
     00h     009ah     00adh    0014h      LOCAL    3.7       _custom_log (c:\users\tech\desktop\codetector\NTC.OBJ)
     00h     009ah     009ah    0000h      LOCAL    0         _builtin_holtek_dtsubadd (C:\Program Files\Holtek MCU Development Tools\HT-IDE3000V8.x\LIB\LIBHOLTEKGCC.LIB)
     00h     009ah     009ah    0000h      LOCAL    0         _builtin_holtek_dtdecode (C:\Program Files\Holtek MCU Development Tools\HT-IDE3000V8.x\LIB\LIBHOLTEKGCC.LIB)
     00h     009ah     009ah    0000h      LOCAL    0         _builtin_holtek_dtdiv (C:\Program Files\Holtek MCU Development Tools\HT-IDE3000V8.x\LIB\LIBHOLTEKGCC.LIB)
     00h     009ah     009ah    0000h      LOCAL    0         _builtin_holtek_dtmul (C:\Program Files\Holtek MCU Development Tools\HT-IDE3000V8.x\LIB\LIBHOLTEKGCC.LIB)
     00h     009ah     009ah    0000h      LOCAL    0         _builtin_holtek_uitod (C:\Program Files\Holtek MCU Development Tools\HT-IDE3000V8.x\LIB\LIBHOLTEKGCC.LIB)
     00h     009ah     009ah    0000h      LOCAL    0         _readSTimer (c:\users\tech\desktop\codetector\STIMER.OBJ)
     00h     009ah     009ah    0000h      LOCAL    0         _builtin_holtek_uitof (C:\Program Files\Holtek MCU Development Tools\HT-IDE3000V8.x\LIB\LIBHOLTEKGCC.LIB)
     00h     00a2h     00a6h    0005h      LOCAL    6.2       _shwoSegment (c:\users\tech\desktop\codetector\SEVENSEGMENT3DIGITCOMPLEX.OBJ)
     00h     009ah     009ah    0000h      LOCAL    0         _ziroDigit1 (c:\users\tech\desktop\codetector\SEVENSEGMENT3DIGITCOMPLEX.OBJ)
     00h     009ah     009ah    0000h      LOCAL    0         _error1Seg (c:\users\tech\desktop\codetector\SEVENSEGMENT3DIGITCOMPLEX.OBJ)
     00h     009ah     009ah    0000h      LOCAL    0         _errorSeg (c:\users\tech\desktop\codetector\SEVENSEGMENT3DIGITCOMPLEX.OBJ)
     00h     009ah     00a1h    0008h      LOCAL    7.375     _builtin_holtek_divmodhi4_isr00 (C:\Program Files\Holtek MCU Development Tools\HT-IDE3000V8.x\LIB\LIBHOLTEKGCC.LIB)
     00h     009ah     009fh    0006h      LOCAL    3.1667    _builtin_holtek_mulhi3_isr00 (C:\Program Files\Holtek MCU Development Tools\HT-IDE3000V8.x\LIB\LIBHOLTEKGCC.LIB)
     00h     009ah     009ah    0000h      LOCAL    0         _nineDigit3 (c:\users\tech\desktop\codetector\SEVENSEGMENT3DIGITCOMPLEX.OBJ)
     00h     009ah     009ah    0000h      LOCAL    0         _ziroDigit3 (c:\users\tech\desktop\codetector\SEVENSEGMENT3DIGITCOMPLEX.OBJ)
     00h     009ah     009ah    0000h      LOCAL    0         _oneDigit3 (c:\users\tech\desktop\codetector\SEVENSEGMENT3DIGITCOMPLEX.OBJ)
     00h     009ah     009ah    0000h      LOCAL    0         _towDigit3 (c:\users\tech\desktop\codetector\SEVENSEGMENT3DIGITCOMPLEX.OBJ)
     00h     009ah     009ah    0000h      LOCAL    0         _threeDigit3 (c:\users\tech\desktop\codetector\SEVENSEGMENT3DIGITCOMPLEX.OBJ)
     00h     009ah     009ah    0000h      LOCAL    0         _fourDigit3 (c:\users\tech\desktop\codetector\SEVENSEGMENT3DIGITCOMPLEX.OBJ)
     00h     009ah     009ah    0000h      LOCAL    0         _fiveDigit3 (c:\users\tech\desktop\codetector\SEVENSEGMENT3DIGITCOMPLEX.OBJ)
     00h     009ah     009ah    0000h      LOCAL    0         _sixDigit3 (c:\users\tech\desktop\codetector\SEVENSEGMENT3DIGITCOMPLEX.OBJ)
     00h     009ah     009ah    0000h      LOCAL    0         _sevenDigit3 (c:\users\tech\desktop\codetector\SEVENSEGMENT3DIGITCOMPLEX.OBJ)
     00h     009ah     009ah    0000h      LOCAL    0         _eightDigit3 (c:\users\tech\desktop\codetector\SEVENSEGMENT3DIGITCOMPLEX.OBJ)
     00h     009ah     009ah    0000h      LOCAL    0         _nineDigit2 (c:\users\tech\desktop\codetector\SEVENSEGMENT3DIGITCOMPLEX.OBJ)
     00h     009ah     009ah    0000h      LOCAL    0         _ziroDigit2 (c:\users\tech\desktop\codetector\SEVENSEGMENT3DIGITCOMPLEX.OBJ)
     00h     009ah     009ah    0000h      LOCAL    0         _oneDigit2 (c:\users\tech\desktop\codetector\SEVENSEGMENT3DIGITCOMPLEX.OBJ)
     00h     009ah     009ah    0000h      LOCAL    0         _towDigit2 (c:\users\tech\desktop\codetector\SEVENSEGMENT3DIGITCOMPLEX.OBJ)
     00h     009ah     009ah    0000h      LOCAL    0         _threeDigit2 (c:\users\tech\desktop\codetector\SEVENSEGMENT3DIGITCOMPLEX.OBJ)
     00h     009ah     009ah    0000h      LOCAL    0         _fourDigit2 (c:\users\tech\desktop\codetector\SEVENSEGMENT3DIGITCOMPLEX.OBJ)
     00h     009ah     009ah    0000h      LOCAL    0         _fiveDigit2 (c:\users\tech\desktop\codetector\SEVENSEGMENT3DIGITCOMPLEX.OBJ)
     00h     009ah     009ah    0000h      LOCAL    0         _sixDigit2 (c:\users\tech\desktop\codetector\SEVENSEGMENT3DIGITCOMPLEX.OBJ)
     00h     009ah     009ah    0000h      LOCAL    0         _sevenDigit2 (c:\users\tech\desktop\codetector\SEVENSEGMENT3DIGITCOMPLEX.OBJ)
     00h     009ah     009ah    0000h      LOCAL    0         _eightDigit2 (c:\users\tech\desktop\codetector\SEVENSEGMENT3DIGITCOMPLEX.OBJ)
     00h     009ah     009ah    0000h      LOCAL    0         _nineDigit1 (c:\users\tech\desktop\codetector\SEVENSEGMENT3DIGITCOMPLEX.OBJ)
     00h     009ah     009ah    0000h      LOCAL    0         _oneDigit1 (c:\users\tech\desktop\codetector\SEVENSEGMENT3DIGITCOMPLEX.OBJ)
     00h     009ah     009ah    0000h      LOCAL    0         _towDigit1 (c:\users\tech\desktop\codetector\SEVENSEGMENT3DIGITCOMPLEX.OBJ)
     00h     009ah     009ah    0000h      LOCAL    0         _threeDigit1 (c:\users\tech\desktop\codetector\SEVENSEGMENT3DIGITCOMPLEX.OBJ)
     00h     009ah     009ah    0000h      LOCAL    0         _fourDigit1 (c:\users\tech\desktop\codetector\SEVENSEGMENT3DIGITCOMPLEX.OBJ)
     00h     009ah     009ah    0000h      LOCAL    0         _fiveDigit1 (c:\users\tech\desktop\codetector\SEVENSEGMENT3DIGITCOMPLEX.OBJ)
     00h     009ah     009ah    0000h      LOCAL    0         _sixDigit1 (c:\users\tech\desktop\codetector\SEVENSEGMENT3DIGITCOMPLEX.OBJ)
     00h     009ah     009ah    0000h      LOCAL    0         _sevenDigit1 (c:\users\tech\desktop\codetector\SEVENSEGMENT3DIGITCOMPLEX.OBJ)
     00h     009ah     009ah    0000h      LOCAL    0         _eightDigit1 (c:\users\tech\desktop\codetector\SEVENSEGMENT3DIGITCOMPLEX.OBJ)
     00h     009ah     009eh    0005h      LOCAL    6.4       _builtin_holtek_divmodqi4_isr00 (C:\Program Files\Holtek MCU Development Tools\HT-IDE3000V8.x\LIB\LIBHOLTEKGCC.LIB)
     00h     00a2h     00a3h    0002h      LOCAL    3         _length (c:\users\tech\desktop\codetector\SEVENSEGMENT3DIGITCOMPLEX.OBJ)

     Indepentent Local Sections

     Bank    Start     End      Length     Class    AvgIns    Name
     00h     009ah     009ah    0000h      ILOCAL   0         _builtin_holtek_dtnorm (C:\Program Files\Holtek MCU Development Tools\HT-IDE3000V8.x\LIB\LIBHOLTEKGCC.LIB)
     00h     009ah     009ah    0000h      ILOCAL   0         _builtin_holtek_ftnorm (C:\Program Files\Holtek MCU Development Tools\HT-IDE3000V8.x\LIB\LIBHOLTEKGCC.LIB)
     00h     009ah     009ah    0000h      ILOCAL   0         _builtin_holtek_dtinf (C:\Program Files\Holtek MCU Development Tools\HT-IDE3000V8.x\LIB\LIBHOLTEKGCC.LIB)
     00h     009ah     009ah    0000h      ILOCAL   0         _builtin_holtek_ftinf (C:\Program Files\Holtek MCU Development Tools\HT-IDE3000V8.x\LIB\LIBHOLTEKGCC.LIB)

     Public Symbols Information
     Address            Public by Name
     00c0h              _Amplifier1
     00d2h              _COValue
     0d54h              _ClockInit
     0081h[2]           _FT
     0c0fh              _GPIOInit
     0c09h              _GPIOToGNDCurentInit
     0d38h              _OPAMPInit
     0c26h              _OPAMPset
     0d6ch              _STimerInit
     0356h              _S_ADC_Init
     035ch              _S_READ_ADC
     00cah              _TimerValue
     00deh              _VA0OS
     00d7h              _VA0OS1
     00ddh              _VA0OS2
     00dch              _VA1OS
     00d9h              _VA1OS1
     00dbh              _VA1OS2
     00cch              _VAmplifier1
     00c5h              _VDD
     00e7h              _V_op0
     00e5h              _V_op1
     0db1h              __DELAYX0
     0db0h              __DELAYX1
     0dafh              __DELAYX2
     0daeh              __DELAYX3
     0dadh              __DELAYX4
     0dach              __DELAYX5
     0dabh              __DELAYX6
     00e1h              _adres1
     00e0h              _adres2
     0080h[1]           _bat_low
     00dfh              _block
     0db5h              _builtin_holtek_divmodhi4_isr00
     0dffh              _builtin_holtek_divmodqi4_isr00
     011ch              _builtin_holtek_dtadd
     01d9h              _builtin_holtek_dtdecode1
     01ceh              _builtin_holtek_dtdecode2
     0038h              _builtin_holtek_dtdiv
     022bh              _builtin_holtek_dtinf
     0074h              _builtin_holtek_dtmul
     019ah              _builtin_holtek_dtnorm
     011ah              _builtin_holtek_dtsub
     01e1h              _builtin_holtek_dtzero
     01e4h              _builtin_holtek_dtzero1
     008dh              _builtin_holtek_exp1
     0096h              _builtin_holtek_exp2
     008fh              _builtin_holtek_floatflag
     00b6h              _builtin_holtek_ftadd
     021fh              _builtin_holtek_ftdecode1
     0215h              _builtin_holtek_ftdecode2
     00e8h              _builtin_holtek_ftdiv
     0232h              _builtin_holtek_ftinf
     0158h              _builtin_holtek_ftmul
     01e6h              _builtin_holtek_ftnorm
     00b4h              _builtin_holtek_ftsub
     0227h              _builtin_holtek_ftzero
     0229h              _builtin_holtek_ftzero1
     018dh              _builtin_holtek_itof
     008ah              _builtin_holtek_mant1
     0090h              _builtin_holtek_mant12p
     0093h              _builtin_holtek_mant2
     0dech              _builtin_holtek_mulhi3_isr00
     0097h              _builtin_holtek_prod
     008eh              _builtin_holtek_signs
     0dc7h              _builtin_holtek_udivmodhi4_isr00
     0e0bh              _builtin_holtek_udivmodqi4_isr00
     0033h              _builtin_holtek_uitod
     0196h              _builtin_holtek_uitof
     00e2h              _buz_delay
     0080h[3]           _co
     0080h[2]           _co_falt
     00beh              _cunter
     03cdh              _custom_log
     009bh              _custom_log_2
     09b7h              _eightDigit1
     09e4h              _eightDigit2
     0a11h              _eightDigit3
     06abh              _error1Seg
     0672h              _errorSeg
     0080h[0]           _falt
     08c4h              _fiveDigit1
     08e3h              _fiveDigit2
     0902h              _fiveDigit3
     086dh              _fourDigit1
     088ah              _fourDigit2
     08a7h              _fourDigit3
     00d8h              _i
     0aadh              _length
     0238h              _main
     00c3h              _my_E
     00c8h              _my_E2
     00d5h              _n
     0a34h              _nineDigit1
     0a61h              _nineDigit2
     0a8ch              _nineDigit3
     077bh              _oneDigit1
     078ah              _oneDigit2
     0799h              _oneDigit3
     0081h[1]           _opamp0
     0081h[0]           _opamp1
     00dah              _ppm
     0d96h              _readFromEEPROM
     0d79h              _readSTimer
     0984h              _sevenDigit1
     0995h              _sevenDigit2
     09a6h              _sevenDigit3
     0ac5h              _shwoSegment
     0921h              _sixDigit1
     0942h              _sixDigit2
     0963h              _sixDigit3
     00bbh              _tempAmplifier1
     00cfh              _temperatur
     04feh              _temperature
     00aeh              _temperature_2
     0080h[4]           _test
     00e4h              _test_tm
     080ch              _threeDigit1
     082fh              _threeDigit2
     084eh              _threeDigit3
     07aeh              _towDigit1
     07cdh              _towDigit2
     07ech              _towDigit3
     0d86h              _writeToEEPROM
     06f2h              _ziroDigit1
     0721h              _ziroDigit2
     074eh              _ziroDigit3
     0082h              ra
     0083h              rb
     0084h              rc
     0085h              rd
     0086h              re
     0087h              rf
     0088h              rg
     0089h              rh
     0021h              startup_value_1

     Address            Public by Value
     0021h              startup_value_1
     0033h              _builtin_holtek_uitod
     0038h              _builtin_holtek_dtdiv
     0074h              _builtin_holtek_dtmul
     0082h              ra
     0083h              rb
     0084h              rc
     0085h              rd
     0086h              re
     0087h              rf
     0088h              rg
     0089h              rh
     008ah              _builtin_holtek_mant1
     008dh              _builtin_holtek_exp1
     008eh              _builtin_holtek_signs
     008fh              _builtin_holtek_floatflag
     0090h              _builtin_holtek_mant12p
     0093h              _builtin_holtek_mant2
     0096h              _builtin_holtek_exp2
     0097h              _builtin_holtek_prod
     009bh              _custom_log_2
     00aeh              _temperature_2
     00b4h              _builtin_holtek_ftsub
     00b6h              _builtin_holtek_ftadd
     00bbh              _tempAmplifier1
     00beh              _cunter
     00c0h              _Amplifier1
     00c3h              _my_E
     00c5h              _VDD
     00c8h              _my_E2
     00cah              _TimerValue
     00cch              _VAmplifier1
     00cfh              _temperatur
     00d2h              _COValue
     00d5h              _n
     00d7h              _VA0OS1
     00d8h              _i
     00d9h              _VA1OS1
     00dah              _ppm
     00dbh              _VA1OS2
     00dch              _VA1OS
     00ddh              _VA0OS2
     00deh              _VA0OS
     00dfh              _block
     00e0h              _adres2
     00e1h              _adres1
     00e2h              _buz_delay
     00e4h              _test_tm
     00e5h              _V_op1
     00e7h              _V_op0
     00e8h              _builtin_holtek_ftdiv
     011ah              _builtin_holtek_dtsub
     011ch              _builtin_holtek_dtadd
     0158h              _builtin_holtek_ftmul
     018dh              _builtin_holtek_itof
     0196h              _builtin_holtek_uitof
     019ah              _builtin_holtek_dtnorm
     01ceh              _builtin_holtek_dtdecode2
     01d9h              _builtin_holtek_dtdecode1
     01e1h              _builtin_holtek_dtzero
     01e4h              _builtin_holtek_dtzero1
     01e6h              _builtin_holtek_ftnorm
     0215h              _builtin_holtek_ftdecode2
     021fh              _builtin_holtek_ftdecode1
     0227h              _builtin_holtek_ftzero
     0229h              _builtin_holtek_ftzero1
     022bh              _builtin_holtek_dtinf
     0232h              _builtin_holtek_ftinf
     0238h              _main
     0356h              _S_ADC_Init
     035ch              _S_READ_ADC
     03cdh              _custom_log
     0080h[0]           _falt
     0080h[1]           _bat_low
     0080h[2]           _co_falt
     0080h[3]           _co
     0080h[4]           _test
     0081h[0]           _opamp1
     0081h[1]           _opamp0
     0081h[2]           _FT
     04feh              _temperature
     0672h              _errorSeg
     06abh              _error1Seg
     06f2h              _ziroDigit1
     0721h              _ziroDigit2
     074eh              _ziroDigit3
     077bh              _oneDigit1
     078ah              _oneDigit2
     0799h              _oneDigit3
     07aeh              _towDigit1
     07cdh              _towDigit2
     07ech              _towDigit3
     080ch              _threeDigit1
     082fh              _threeDigit2
     084eh              _threeDigit3
     086dh              _fourDigit1
     088ah              _fourDigit2
     08a7h              _fourDigit3
     08c4h              _fiveDigit1
     08e3h              _fiveDigit2
     0902h              _fiveDigit3
     0921h              _sixDigit1
     0942h              _sixDigit2
     0963h              _sixDigit3
     0984h              _sevenDigit1
     0995h              _sevenDigit2
     09a6h              _sevenDigit3
     09b7h              _eightDigit1
     09e4h              _eightDigit2
     0a11h              _eightDigit3
     0a34h              _nineDigit1
     0a61h              _nineDigit2
     0a8ch              _nineDigit3
     0aadh              _length
     0ac5h              _shwoSegment
     0c09h              _GPIOToGNDCurentInit
     0c0fh              _GPIOInit
     0c26h              _OPAMPset
     0d38h              _OPAMPInit
     0d54h              _ClockInit
     0d6ch              _STimerInit
     0d79h              _readSTimer
     0d86h              _writeToEEPROM
     0d96h              _readFromEEPROM
     0dabh              __DELAYX6
     0dach              __DELAYX5
     0dadh              __DELAYX4
     0daeh              __DELAYX3
     0dafh              __DELAYX2
     0db0h              __DELAYX1
     0db1h              __DELAYX0
     0db5h              _builtin_holtek_divmodhi4_isr00
     0dc7h              _builtin_holtek_udivmodhi4_isr00
     0dech              _builtin_holtek_mulhi3_isr00
     0dffh              _builtin_holtek_divmodqi4_isr00
     0e0bh              _builtin_holtek_udivmodqi4_isr00


ROM Usage Statistics
     Size      Used     Percentage
     1000h     0e24h    88%

RAM Usage Statistics
    Bank      Size      Used     Percentage
     00h       0080h     0069h    82%
     01h       0080h     0000h    0%
     Total     0100h     0069h    41%

Use Stack Count
_main: 4
_length: 1

Call Tree
    @dummy
        _main (0)
            _ClockInit (1)
            _GPIOInit (1)
            _GPIOToGNDCurentInit (1)
            _OPAMPInit (1)
                _OPAMPset (2)
            _S_ADC_Init (1)
            _STimerInit (1)
            _readFromEEPROM (1)
            _writeToEEPROM (1)
            __DELAYX (1)
            _S_READ_ADC (1)
                __DELAYX (2)
            _temperature (1)
                _builtin_holtek_ftdiv (2)
                    _builtin_holtek_ftdecode (3)
                _builtin_holtek_itof (2)
                _builtin_holtek_ftmul (2)
                    _builtin_holtek_ftdecode (3)
                _builtin_holtek_ftsubadd (2)
                    _builtin_holtek_ftdecode (3)
                _custom_log (2)
                    _builtin_holtek_dtsubadd (3)
                        _builtin_holtek_dtdecode (4)
                    _builtin_holtek_dtsubadd (3)
                        _builtin_holtek_dtdecode (4)
                    _builtin_holtek_dtdiv (3)
                        _builtin_holtek_dtdecode (4)
                    _builtin_holtek_ftmul (3)
                        _builtin_holtek_ftdecode (4)
                    _builtin_holtek_ftsubadd (3)
                        _builtin_holtek_ftdecode (4)
                    _builtin_holtek_ftsubadd (3)
                        _builtin_holtek_ftdecode (4)
                    _builtin_holtek_itof (3)
                    _builtin_holtek_ftdiv (3)
                        _builtin_holtek_ftdecode (4)
                _builtin_holtek_dtmul (2)
                    _builtin_holtek_dtdecode (3)
                _builtin_holtek_dtsubadd (2)
                    _builtin_holtek_dtdecode (3)
                _builtin_holtek_dtdiv (2)
                    _builtin_holtek_dtdecode (3)
                _builtin_holtek_dtsubadd (2)
                    _builtin_holtek_dtdecode (3)
            _builtin_holtek_uitod (1)
            _builtin_holtek_dtdiv (1)
                _builtin_holtek_dtdecode (2)
            _builtin_holtek_dtmul (1)
                _builtin_holtek_dtdecode (2)
            _readSTimer (1)
            _builtin_holtek_uitof (1)
            _builtin_holtek_ftsubadd (1)
                _builtin_holtek_ftdecode (2)
            _builtin_holtek_ftdiv (1)
                _builtin_holtek_ftdecode (2)
            _shwoSegment (1)
                _ziroDigit1 (2)
                    __DELAYX (3)
                _error1Seg (2)
                    __DELAYX (3)
                _errorSeg (2)
                    __DELAYX (3)
                _builtin_holtek_divmodhi4_isr00 (2)
                _builtin_holtek_mulhi3_isr00 (2)
                _nineDigit3 (2)
                    __DELAYX (3)
                _ziroDigit3 (2)
                    __DELAYX (3)
                _oneDigit3 (2)
                    __DELAYX (3)
                _towDigit3 (2)
                    __DELAYX (3)
                _threeDigit3 (2)
                    __DELAYX (3)
                _fourDigit3 (2)
                    __DELAYX (3)
                _fiveDigit3 (2)
                    __DELAYX (3)
                _sixDigit3 (2)
                    __DELAYX (3)
                _sevenDigit3 (2)
                    __DELAYX (3)
                _eightDigit3 (2)
                    __DELAYX (3)
                _nineDigit2 (2)
                    __DELAYX (3)
                _ziroDigit2 (2)
                    __DELAYX (3)
                _oneDigit2 (2)
                    __DELAYX (3)
                _towDigit2 (2)
                    __DELAYX (3)
                _threeDigit2 (2)
                    __DELAYX (3)
                _fourDigit2 (2)
                    __DELAYX (3)
                _fiveDigit2 (2)
                    __DELAYX (3)
                _sixDigit2 (2)
                    __DELAYX (3)
                _sevenDigit2 (2)
                    __DELAYX (3)
                _eightDigit2 (2)
                    __DELAYX (3)
                _nineDigit1 (2)
                    __DELAYX (3)
                _oneDigit1 (2)
                    __DELAYX (3)
                _towDigit1 (2)
                    __DELAYX (3)
                _threeDigit1 (2)
                    __DELAYX (3)
                _fourDigit1 (2)
                    __DELAYX (3)
                _fiveDigit1 (2)
                    __DELAYX (3)
                _sixDigit1 (2)
                    __DELAYX (3)
                _sevenDigit1 (2)
                    __DELAYX (3)
                _eightDigit1 (2)
                    __DELAYX (3)
                _builtin_holtek_divmodqi4_isr00 (2)
    _length
        _builtin_holtek_divmodhi4_isr00 (0)

HLINK: Program entry point at section '@code' (address 0) of file 'c:\users\tech\desktop\codetector\CO.OBJ'

Total 0 error(s), Total 0 Warning(s)
